<?xml version="1.0" encoding="ISO-8859-1" ?>
<link_info>
   <banner>TMS320C2000 Linker PC v18.1.1.LTS</banner>
   <copyright>Copyright (c) 1996-2017 Texas Instruments Incorporated</copyright>
   <link_time>0x5c0629b8</link_time>
   <link_errors>0x0</link_errors>
   <output_file>SPI20181020.out</output_file>
   <entry_point>
      <name>_c_int00</name>
      <address>0x33cd5b</address>
   </entry_point>
   <input_file_list>
      <input_file id="fl-2">
         <path>.\peripherals\</path>
         <kind>object</kind>
         <file>CircleBuffer.obj</file>
         <name>CircleBuffer.obj</name>
      </input_file>
      <input_file id="fl-3">
         <path>.\peripherals\</path>
         <kind>object</kind>
         <file>DSP2833x_ADC_cal.obj</file>
         <name>DSP2833x_ADC_cal.obj</name>
      </input_file>
      <input_file id="fl-4">
         <path>.\peripherals\</path>
         <kind>object</kind>
         <file>DSP2833x_Adc.obj</file>
         <name>DSP2833x_Adc.obj</name>
      </input_file>
      <input_file id="fl-5">
         <path>.\peripherals\</path>
         <kind>object</kind>
         <file>DSP2833x_CSMPasswords.obj</file>
         <name>DSP2833x_CSMPasswords.obj</name>
      </input_file>
      <input_file id="fl-6">
         <path>.\peripherals\</path>
         <kind>object</kind>
         <file>DSP2833x_CodeStartBranch.obj</file>
         <name>DSP2833x_CodeStartBranch.obj</name>
      </input_file>
      <input_file id="fl-7">
         <path>.\peripherals\</path>
         <kind>object</kind>
         <file>DSP2833x_CpuTimers.obj</file>
         <name>DSP2833x_CpuTimers.obj</name>
      </input_file>
      <input_file id="fl-8">
         <path>.\peripherals\</path>
         <kind>object</kind>
         <file>DSP2833x_DBGIER.obj</file>
         <name>DSP2833x_DBGIER.obj</name>
      </input_file>
      <input_file id="fl-9">
         <path>.\peripherals\</path>
         <kind>object</kind>
         <file>DSP2833x_DMA.obj</file>
         <name>DSP2833x_DMA.obj</name>
      </input_file>
      <input_file id="fl-a">
         <path>.\peripherals\</path>
         <kind>object</kind>
         <file>DSP2833x_DefaultIsr.obj</file>
         <name>DSP2833x_DefaultIsr.obj</name>
      </input_file>
      <input_file id="fl-b">
         <path>.\peripherals\</path>
         <kind>object</kind>
         <file>DSP2833x_DisInt.obj</file>
         <name>DSP2833x_DisInt.obj</name>
      </input_file>
      <input_file id="fl-c">
         <path>.\peripherals\</path>
         <kind>object</kind>
         <file>DSP2833x_ECan.obj</file>
         <name>DSP2833x_ECan.obj</name>
      </input_file>
      <input_file id="fl-d">
         <path>.\peripherals\</path>
         <kind>object</kind>
         <file>DSP2833x_ECap.obj</file>
         <name>DSP2833x_ECap.obj</name>
      </input_file>
      <input_file id="fl-e">
         <path>.\peripherals\</path>
         <kind>object</kind>
         <file>DSP2833x_EPwm.obj</file>
         <name>DSP2833x_EPwm.obj</name>
      </input_file>
      <input_file id="fl-f">
         <path>.\peripherals\</path>
         <kind>object</kind>
         <file>DSP2833x_EQep.obj</file>
         <name>DSP2833x_EQep.obj</name>
      </input_file>
      <input_file id="fl-10">
         <path>.\peripherals\</path>
         <kind>object</kind>
         <file>DSP2833x_GlobalVariableDefs.obj</file>
         <name>DSP2833x_GlobalVariableDefs.obj</name>
      </input_file>
      <input_file id="fl-11">
         <path>.\peripherals\</path>
         <kind>object</kind>
         <file>DSP2833x_Gpio.obj</file>
         <name>DSP2833x_Gpio.obj</name>
      </input_file>
      <input_file id="fl-12">
         <path>.\peripherals\</path>
         <kind>object</kind>
         <file>DSP2833x_I2C.obj</file>
         <name>DSP2833x_I2C.obj</name>
      </input_file>
      <input_file id="fl-13">
         <path>.\peripherals\</path>
         <kind>object</kind>
         <file>DSP2833x_Mcbsp.obj</file>
         <name>DSP2833x_Mcbsp.obj</name>
      </input_file>
      <input_file id="fl-14">
         <path>.\peripherals\</path>
         <kind>object</kind>
         <file>DSP2833x_MemCopy.obj</file>
         <name>DSP2833x_MemCopy.obj</name>
      </input_file>
      <input_file id="fl-15">
         <path>.\peripherals\</path>
         <kind>object</kind>
         <file>DSP2833x_PieCtrl.obj</file>
         <name>DSP2833x_PieCtrl.obj</name>
      </input_file>
      <input_file id="fl-16">
         <path>.\peripherals\</path>
         <kind>object</kind>
         <file>DSP2833x_PieVect.obj</file>
         <name>DSP2833x_PieVect.obj</name>
      </input_file>
      <input_file id="fl-17">
         <path>.\peripherals\</path>
         <kind>object</kind>
         <file>DSP2833x_Sci.obj</file>
         <name>DSP2833x_Sci.obj</name>
      </input_file>
      <input_file id="fl-18">
         <path>.\peripherals\</path>
         <kind>object</kind>
         <file>DSP2833x_Spi.obj</file>
         <name>DSP2833x_Spi.obj</name>
      </input_file>
      <input_file id="fl-19">
         <path>.\peripherals\</path>
         <kind>object</kind>
         <file>DSP2833x_SysCtrl.obj</file>
         <name>DSP2833x_SysCtrl.obj</name>
      </input_file>
      <input_file id="fl-1a">
         <path>.\peripherals\</path>
         <kind>object</kind>
         <file>DSP2833x_Xintf.obj</file>
         <name>DSP2833x_Xintf.obj</name>
      </input_file>
      <input_file id="fl-1b">
         <path>.\peripherals\</path>
         <kind>object</kind>
         <file>DSP2833x_usDelay.obj</file>
         <name>DSP2833x_usDelay.obj</name>
      </input_file>
      <input_file id="fl-1c">
         <path>.\peripherals\</path>
         <kind>object</kind>
         <file>swfifo.obj</file>
         <name>swfifo.obj</name>
      </input_file>
      <input_file id="fl-1d">
         <path>.\src\Communication\arm-dsp\</path>
         <kind>object</kind>
         <file>protocol.obj</file>
         <name>protocol.obj</name>
      </input_file>
      <input_file id="fl-1e">
         <path>.\src\Communication\dsp-arm\</path>
         <kind>object</kind>
         <file>senddata.obj</file>
         <name>senddata.obj</name>
      </input_file>
      <input_file id="fl-1f">
         <path>.\src\Control\Kernel\</path>
         <kind>object</kind>
         <file>interpolate.obj</file>
         <name>interpolate.obj</name>
      </input_file>
      <input_file id="fl-20">
         <path>.\src\Control\MotionConfig\AxisSet\</path>
         <kind>object</kind>
         <file>AxisSet.obj</file>
         <name>AxisSet.obj</name>
      </input_file>
      <input_file id="fl-21">
         <path>.\src\Control\MotionMode\</path>
         <kind>object</kind>
         <file>Crdmode.obj</file>
         <name>Crdmode.obj</name>
      </input_file>
      <input_file id="fl-22">
         <path>.\src\Control\MotionMode\</path>
         <kind>object</kind>
         <file>JOGmode.obj</file>
         <name>JOGmode.obj</name>
      </input_file>
      <input_file id="fl-23">
         <path>.\src\Control\MotionMode\</path>
         <kind>object</kind>
         <file>PPmode.obj</file>
         <name>PPmode.obj</name>
      </input_file>
      <input_file id="fl-24">
         <path>.\src\Control\MotionMode\</path>
         <kind>object</kind>
         <file>PTmode.obj</file>
         <name>PTmode.obj</name>
      </input_file>
      <input_file id="fl-25">
         <path>.\src\Control\MotionMode\</path>
         <kind>object</kind>
         <file>STOPmode.obj</file>
         <name>STOPmode.obj</name>
      </input_file>
      <input_file id="fl-26">
         <path>.\src\Device\myADDA\</path>
         <kind>object</kind>
         <file>AD_DA.obj</file>
         <name>AD_DA.obj</name>
      </input_file>
      <input_file id="fl-27">
         <path>.\src\Device\myEXIO\</path>
         <kind>object</kind>
         <file>EXIO.obj</file>
         <name>EXIO.obj</name>
      </input_file>
      <input_file id="fl-28">
         <path>.\src\Device\myFlash\</path>
         <kind>object</kind>
         <file>SST39VF800A.obj</file>
         <name>SST39VF800A.obj</name>
      </input_file>
      <input_file id="fl-29">
         <path>.\src\Device\myIsr\</path>
         <kind>object</kind>
         <file>myIsr.obj</file>
         <name>myIsr.obj</name>
      </input_file>
      <input_file id="fl-2a">
         <path>.\src\Device\myLED\</path>
         <kind>object</kind>
         <file>myLED.obj</file>
         <name>myLED.obj</name>
      </input_file>
      <input_file id="fl-2b">
         <path>.\src\Device\myMotors\</path>
         <kind>object</kind>
         <file>mymotors.obj</file>
         <name>mymotors.obj</name>
      </input_file>
      <input_file id="fl-2c">
         <path>.\src\Device\myPeripherals\</path>
         <kind>object</kind>
         <file>myPeripherals.obj</file>
         <name>myPeripherals.obj</name>
      </input_file>
      <input_file id="fl-2d">
         <path>.\src\Device\myPeripherals\</path>
         <kind>object</kind>
         <file>testMyPeripherals.obj</file>
         <name>testMyPeripherals.obj</name>
      </input_file>
      <input_file id="fl-2e">
         <path>.\src\Kernal\</path>
         <kind>object</kind>
         <file>main.obj</file>
         <name>main.obj</name>
      </input_file>
      <input_file id="fl-2f">
         <path>.\src\Task\</path>
         <kind>object</kind>
         <file>taskAnalysis.obj</file>
         <name>taskAnalysis.obj</name>
      </input_file>
      <input_file id="fl-30">
         <path>.\src\Task\</path>
         <kind>object</kind>
         <file>taskComm.obj</file>
         <name>taskComm.obj</name>
      </input_file>
      <input_file id="fl-36">
         <kind>object</kind>
         <file>&lt;internal&gt;</file>
         <name>&lt;internal&gt;</name>
      </input_file>
      <input_file id="fl-42">
         <path>G:\Program Files Use\Ti\ccsv8\tools\compiler\ti-cgt-c2000_18.1.1.LTS\lib\</path>
         <kind>archive</kind>
         <file>rts2800_fpu32.lib</file>
         <name>e_atan2f.c.obj</name>
      </input_file>
      <input_file id="fl-43">
         <path>G:\Program Files Use\Ti\ccsv8\tools\compiler\ti-cgt-c2000_18.1.1.LTS\lib\</path>
         <kind>archive</kind>
         <file>rts2800_fpu32.lib</file>
         <name>e_sqrtf.c.obj</name>
      </input_file>
      <input_file id="fl-44">
         <path>G:\Program Files Use\Ti\ccsv8\tools\compiler\ti-cgt-c2000_18.1.1.LTS\lib\</path>
         <kind>archive</kind>
         <file>rts2800_fpu32.lib</file>
         <name>s_atanf.c.obj</name>
      </input_file>
      <input_file id="fl-45">
         <path>G:\Program Files Use\Ti\ccsv8\tools\compiler\ti-cgt-c2000_18.1.1.LTS\lib\</path>
         <kind>archive</kind>
         <file>rts2800_fpu32.lib</file>
         <name>s_cosf.c.obj</name>
      </input_file>
      <input_file id="fl-46">
         <path>G:\Program Files Use\Ti\ccsv8\tools\compiler\ti-cgt-c2000_18.1.1.LTS\lib\</path>
         <kind>archive</kind>
         <file>rts2800_fpu32.lib</file>
         <name>s_sinf.c.obj</name>
      </input_file>
      <input_file id="fl-47">
         <path>G:\Program Files Use\Ti\ccsv8\tools\compiler\ti-cgt-c2000_18.1.1.LTS\lib\</path>
         <kind>archive</kind>
         <file>rts2800_fpu32.lib</file>
         <name>boot28.asm.obj</name>
      </input_file>
      <input_file id="fl-48">
         <path>G:\Program Files Use\Ti\ccsv8\tools\compiler\ti-cgt-c2000_18.1.1.LTS\lib\</path>
         <kind>archive</kind>
         <file>rts2800_fpu32.lib</file>
         <name>fs_div28.asm.obj</name>
      </input_file>
      <input_file id="fl-49">
         <path>G:\Program Files Use\Ti\ccsv8\tools\compiler\ti-cgt-c2000_18.1.1.LTS\lib\</path>
         <kind>archive</kind>
         <file>rts2800_fpu32.lib</file>
         <name>i_div28.asm.obj</name>
      </input_file>
      <input_file id="fl-4a">
         <path>G:\Program Files Use\Ti\ccsv8\tools\compiler\ti-cgt-c2000_18.1.1.LTS\lib\</path>
         <kind>archive</kind>
         <file>rts2800_fpu32.lib</file>
         <name>cpy_tbl.c.obj</name>
      </input_file>
      <input_file id="fl-4b">
         <path>G:\Program Files Use\Ti\ccsv8\tools\compiler\ti-cgt-c2000_18.1.1.LTS\lib\</path>
         <kind>archive</kind>
         <file>rts2800_fpu32.lib</file>
         <name>memcpy.c.obj</name>
      </input_file>
      <input_file id="fl-4c">
         <path>G:\Program Files Use\Ti\ccsv8\tools\compiler\ti-cgt-c2000_18.1.1.LTS\lib\</path>
         <kind>archive</kind>
         <file>rts2800_fpu32.lib</file>
         <name>pre_init.c.obj</name>
      </input_file>
      <input_file id="fl-4d">
         <path>G:\Program Files Use\Ti\ccsv8\tools\compiler\ti-cgt-c2000_18.1.1.LTS\lib\</path>
         <kind>archive</kind>
         <file>rts2800_fpu32.lib</file>
         <name>startup.c.obj</name>
      </input_file>
      <input_file id="fl-4e">
         <path>G:\Program Files Use\Ti\ccsv8\tools\compiler\ti-cgt-c2000_18.1.1.LTS\lib\</path>
         <kind>archive</kind>
         <file>rts2800_fpu32.lib</file>
         <name>errno.c.obj</name>
      </input_file>
      <input_file id="fl-4f">
         <path>G:\Program Files Use\Ti\ccsv8\tools\compiler\ti-cgt-c2000_18.1.1.LTS\lib\</path>
         <kind>archive</kind>
         <file>rts2800_fpu32.lib</file>
         <name>exit.c.obj</name>
      </input_file>
      <input_file id="fl-50">
         <path>G:\Program Files Use\Ti\ccsv8\tools\compiler\ti-cgt-c2000_18.1.1.LTS\lib\</path>
         <kind>archive</kind>
         <file>rts2800_fpu32.lib</file>
         <name>memory.c.obj</name>
      </input_file>
      <input_file id="fl-51">
         <path>G:\Program Files Use\Ti\ccsv8\tools\compiler\ti-cgt-c2000_18.1.1.LTS\lib\</path>
         <kind>archive</kind>
         <file>rts2800_fpu32.lib</file>
         <name>_lock.c.obj</name>
      </input_file>
      <input_file id="fl-52">
         <path>G:\Program Files Use\Ti\ccsv8\tools\compiler\ti-cgt-c2000_18.1.1.LTS\lib\</path>
         <kind>archive</kind>
         <file>rts2800_fpu32.lib</file>
         <name>args_main.c.obj</name>
      </input_file>
   </input_file_list>
   <object_component_list>
      <object_component id="oc-ca">
         <name>PieVectTableFile</name>
         <uninitialized>true</uninitialized>
         <run_address>0xd00</run_address>
         <size>0x100</size>
         <input_file_ref idref="fl-10"/>
      </object_component>
      <object_component id="oc-c6">
         <name>DevEmuRegsFile</name>
         <uninitialized>true</uninitialized>
         <run_address>0x880</run_address>
         <size>0xd0</size>
         <input_file_ref idref="fl-10"/>
      </object_component>
      <object_component id="oc-9c">
         <name>FlashRegsFile</name>
         <uninitialized>true</uninitialized>
         <run_address>0xa80</run_address>
         <size>0x8</size>
         <input_file_ref idref="fl-10"/>
      </object_component>
      <object_component id="oc-a6">
         <name>CsmRegsFile</name>
         <uninitialized>true</uninitialized>
         <run_address>0xae0</run_address>
         <size>0x10</size>
         <input_file_ref idref="fl-10"/>
      </object_component>
      <object_component id="oc-a5">
         <name>AdcMirrorFile</name>
         <uninitialized>true</uninitialized>
         <run_address>0xb00</run_address>
         <size>0x10</size>
         <input_file_ref idref="fl-10"/>
      </object_component>
      <object_component id="oc-a9">
         <name>XintfRegsFile</name>
         <uninitialized>true</uninitialized>
         <run_address>0xb20</run_address>
         <size>0x1e</size>
         <input_file_ref idref="fl-10"/>
      </object_component>
      <object_component id="oc-9d">
         <name>CpuTimer0RegsFile</name>
         <uninitialized>true</uninitialized>
         <run_address>0xc00</run_address>
         <size>0x8</size>
         <input_file_ref idref="fl-10"/>
      </object_component>
      <object_component id="oc-9b">
         <name>CpuTimer1RegsFile</name>
         <uninitialized>true</uninitialized>
         <run_address>0xc08</run_address>
         <size>0x8</size>
         <input_file_ref idref="fl-10"/>
      </object_component>
      <object_component id="oc-9a">
         <name>CpuTimer2RegsFile</name>
         <uninitialized>true</uninitialized>
         <run_address>0xc10</run_address>
         <size>0x8</size>
         <input_file_ref idref="fl-10"/>
      </object_component>
      <object_component id="oc-a7">
         <name>PieCtrlRegsFile</name>
         <uninitialized>true</uninitialized>
         <run_address>0xce0</run_address>
         <size>0x1a</size>
         <input_file_ref idref="fl-10"/>
      </object_component>
      <object_component id="oc-c7">
         <name>DmaRegsFile</name>
         <uninitialized>true</uninitialized>
         <run_address>0x1000</run_address>
         <size>0xe0</size>
         <input_file_ref idref="fl-10"/>
      </object_component>
      <object_component id="oc-b9">
         <name>McbspaRegsFile</name>
         <uninitialized>true</uninitialized>
         <run_address>0x5000</run_address>
         <size>0x25</size>
         <input_file_ref idref="fl-10"/>
      </object_component>
      <object_component id="oc-ba">
         <name>McbspbRegsFile</name>
         <uninitialized>true</uninitialized>
         <run_address>0x5040</run_address>
         <size>0x25</size>
         <input_file_ref idref="fl-10"/>
      </object_component>
      <object_component id="oc-bd">
         <name>ECanaRegsFile</name>
         <uninitialized>true</uninitialized>
         <run_address>0x6000</run_address>
         <size>0x34</size>
         <input_file_ref idref="fl-10"/>
      </object_component>
      <object_component id="oc-c0">
         <name>ECanaLAMRegsFile</name>
         <uninitialized>true</uninitialized>
         <run_address>0x6040</run_address>
         <size>0x40</size>
         <input_file_ref idref="fl-10"/>
      </object_component>
      <object_component id="oc-c9">
         <name>ECanaMboxesFile</name>
         <uninitialized>true</uninitialized>
         <run_address>0x6100</run_address>
         <size>0x100</size>
         <input_file_ref idref="fl-10"/>
      </object_component>
      <object_component id="oc-c1">
         <name>ECanaMOTSRegsFile</name>
         <uninitialized>true</uninitialized>
         <run_address>0x6080</run_address>
         <size>0x40</size>
         <input_file_ref idref="fl-10"/>
      </object_component>
      <object_component id="oc-be">
         <name>ECanaMOTORegsFile</name>
         <uninitialized>true</uninitialized>
         <run_address>0x60c0</run_address>
         <size>0x40</size>
         <input_file_ref idref="fl-10"/>
      </object_component>
      <object_component id="oc-bc">
         <name>ECanbRegsFile</name>
         <uninitialized>true</uninitialized>
         <run_address>0x6200</run_address>
         <size>0x34</size>
         <input_file_ref idref="fl-10"/>
      </object_component>
      <object_component id="oc-c4">
         <name>ECanbLAMRegsFile</name>
         <uninitialized>true</uninitialized>
         <run_address>0x6240</run_address>
         <size>0x40</size>
         <input_file_ref idref="fl-10"/>
      </object_component>
      <object_component id="oc-c8">
         <name>ECanbMboxesFile</name>
         <uninitialized>true</uninitialized>
         <run_address>0x6300</run_address>
         <size>0x100</size>
         <input_file_ref idref="fl-10"/>
      </object_component>
      <object_component id="oc-bf">
         <name>ECanbMOTSRegsFile</name>
         <uninitialized>true</uninitialized>
         <run_address>0x6280</run_address>
         <size>0x40</size>
         <input_file_ref idref="fl-10"/>
      </object_component>
      <object_component id="oc-c2">
         <name>ECanbMOTORegsFile</name>
         <uninitialized>true</uninitialized>
         <run_address>0x62c0</run_address>
         <size>0x40</size>
         <input_file_ref idref="fl-10"/>
      </object_component>
      <object_component id="oc-b4">
         <name>EPwm1RegsFile</name>
         <uninitialized>true</uninitialized>
         <run_address>0x6800</run_address>
         <size>0x22</size>
         <input_file_ref idref="fl-10"/>
      </object_component>
      <object_component id="oc-b3">
         <name>EPwm2RegsFile</name>
         <uninitialized>true</uninitialized>
         <run_address>0x6840</run_address>
         <size>0x22</size>
         <input_file_ref idref="fl-10"/>
      </object_component>
      <object_component id="oc-b5">
         <name>EPwm3RegsFile</name>
         <uninitialized>true</uninitialized>
         <run_address>0x6880</run_address>
         <size>0x22</size>
         <input_file_ref idref="fl-10"/>
      </object_component>
      <object_component id="oc-b7">
         <name>EPwm4RegsFile</name>
         <uninitialized>true</uninitialized>
         <run_address>0x68c0</run_address>
         <size>0x22</size>
         <input_file_ref idref="fl-10"/>
      </object_component>
      <object_component id="oc-b6">
         <name>EPwm5RegsFile</name>
         <uninitialized>true</uninitialized>
         <run_address>0x6900</run_address>
         <size>0x22</size>
         <input_file_ref idref="fl-10"/>
      </object_component>
      <object_component id="oc-b8">
         <name>EPwm6RegsFile</name>
         <uninitialized>true</uninitialized>
         <run_address>0x6940</run_address>
         <size>0x22</size>
         <input_file_ref idref="fl-10"/>
      </object_component>
      <object_component id="oc-b0">
         <name>ECap1RegsFile</name>
         <uninitialized>true</uninitialized>
         <run_address>0x6a00</run_address>
         <size>0x20</size>
         <input_file_ref idref="fl-10"/>
      </object_component>
      <object_component id="oc-ac">
         <name>ECap2RegsFile</name>
         <uninitialized>true</uninitialized>
         <run_address>0x6a20</run_address>
         <size>0x20</size>
         <input_file_ref idref="fl-10"/>
      </object_component>
      <object_component id="oc-ad">
         <name>ECap3RegsFile</name>
         <uninitialized>true</uninitialized>
         <run_address>0x6a40</run_address>
         <size>0x20</size>
         <input_file_ref idref="fl-10"/>
      </object_component>
      <object_component id="oc-aa">
         <name>ECap4RegsFile</name>
         <uninitialized>true</uninitialized>
         <run_address>0x6a60</run_address>
         <size>0x20</size>
         <input_file_ref idref="fl-10"/>
      </object_component>
      <object_component id="oc-ab">
         <name>ECap5RegsFile</name>
         <uninitialized>true</uninitialized>
         <run_address>0x6a80</run_address>
         <size>0x20</size>
         <input_file_ref idref="fl-10"/>
      </object_component>
      <object_component id="oc-b1">
         <name>ECap6RegsFile</name>
         <uninitialized>true</uninitialized>
         <run_address>0x6aa0</run_address>
         <size>0x20</size>
         <input_file_ref idref="fl-10"/>
      </object_component>
      <object_component id="oc-c5">
         <name>EQep1RegsFile</name>
         <uninitialized>true</uninitialized>
         <run_address>0x6b00</run_address>
         <size>0x40</size>
         <input_file_ref idref="fl-10"/>
      </object_component>
      <object_component id="oc-c3">
         <name>EQep2RegsFile</name>
         <uninitialized>true</uninitialized>
         <run_address>0x6b40</run_address>
         <size>0x40</size>
         <input_file_ref idref="fl-10"/>
      </object_component>
      <object_component id="oc-bb">
         <name>GpioCtrlRegsFile</name>
         <uninitialized>true</uninitialized>
         <run_address>0x6f80</run_address>
         <size>0x2e</size>
         <input_file_ref idref="fl-10"/>
      </object_component>
      <object_component id="oc-ae">
         <name>GpioDataRegsFile</name>
         <uninitialized>true</uninitialized>
         <run_address>0x6fc0</run_address>
         <size>0x20</size>
         <input_file_ref idref="fl-10"/>
      </object_component>
      <object_component id="oc-9f">
         <name>GpioIntRegsFile</name>
         <uninitialized>true</uninitialized>
         <run_address>0x6fe0</run_address>
         <size>0xa</size>
         <input_file_ref idref="fl-10"/>
      </object_component>
      <object_component id="oc-af">
         <name>SysCtrlRegsFile</name>
         <uninitialized>true</uninitialized>
         <run_address>0x7010</run_address>
         <size>0x20</size>
         <input_file_ref idref="fl-10"/>
      </object_component>
      <object_component id="oc-a2">
         <name>SpiaRegsFile</name>
         <uninitialized>true</uninitialized>
         <run_address>0x7040</run_address>
         <size>0x10</size>
         <input_file_ref idref="fl-10"/>
      </object_component>
      <object_component id="oc-a3">
         <name>SciaRegsFile</name>
         <uninitialized>true</uninitialized>
         <run_address>0x7050</run_address>
         <size>0x10</size>
         <input_file_ref idref="fl-10"/>
      </object_component>
      <object_component id="oc-a4">
         <name>XIntruptRegsFile</name>
         <uninitialized>true</uninitialized>
         <run_address>0x7070</run_address>
         <size>0x10</size>
         <input_file_ref idref="fl-10"/>
      </object_component>
      <object_component id="oc-a8">
         <name>AdcRegsFile</name>
         <uninitialized>true</uninitialized>
         <run_address>0x7100</run_address>
         <size>0x1e</size>
         <input_file_ref idref="fl-10"/>
      </object_component>
      <object_component id="oc-a1">
         <name>ScibRegsFile</name>
         <uninitialized>true</uninitialized>
         <run_address>0x7750</run_address>
         <size>0x10</size>
         <input_file_ref idref="fl-10"/>
      </object_component>
      <object_component id="oc-a0">
         <name>ScicRegsFile</name>
         <uninitialized>true</uninitialized>
         <run_address>0x7770</run_address>
         <size>0x10</size>
         <input_file_ref idref="fl-10"/>
      </object_component>
      <object_component id="oc-b2">
         <name>I2caRegsFile</name>
         <uninitialized>true</uninitialized>
         <run_address>0x7900</run_address>
         <size>0x22</size>
         <input_file_ref idref="fl-10"/>
      </object_component>
      <object_component id="oc-9e">
         <name>CsmPwlFile</name>
         <uninitialized>true</uninitialized>
         <run_address>0x33fff8</run_address>
         <size>0x8</size>
         <input_file_ref idref="fl-10"/>
      </object_component>
      <object_component id="oc-1c1">
         <name>.cinit</name>
         <load_address>0x33d1b2</load_address>
         <run_address>0x33d1b2</run_address>
         <size>0xe</size>
         <input_file_ref idref="fl-4f"/>
      </object_component>
      <object_component id="oc-10a">
         <name>.cinit</name>
         <load_address>0x33d1c0</load_address>
         <run_address>0x33d1c0</run_address>
         <size>0x8</size>
         <input_file_ref idref="fl-1d"/>
      </object_component>
      <object_component id="oc-177">
         <name>.cinit</name>
         <load_address>0x33d1c8</load_address>
         <run_address>0x33d1c8</run_address>
         <size>0x8</size>
         <input_file_ref idref="fl-30"/>
      </object_component>
      <object_component id="oc-1e3">
         <name>.cinit:__lock</name>
         <load_address>0x33d1d0</load_address>
         <run_address>0x33d1d0</run_address>
         <size>0x5</size>
         <input_file_ref idref="fl-51"/>
      </object_component>
      <object_component id="oc-1ee">
         <name>.cinit:__unlock</name>
         <load_address>0x33d1d5</load_address>
         <run_address>0x33d1d5</run_address>
         <size>0x5</size>
         <input_file_ref idref="fl-51"/>
      </object_component>
      <object_component id="oc-150">
         <name>.cinit</name>
         <load_address>0x33d1da</load_address>
         <run_address>0x33d1da</run_address>
         <size>0x5</size>
         <input_file_ref idref="fl-29"/>
      </object_component>
      <object_component id="oc-133">
         <name>.cinit</name>
         <load_address>0x33d1df</load_address>
         <run_address>0x33d1df</run_address>
         <size>0x4</size>
         <input_file_ref idref="fl-24"/>
      </object_component>
      <object_component id="oc-1bd">
         <name>.cinit</name>
         <load_address>0x33d1e3</load_address>
         <run_address>0x33d1e3</run_address>
         <size>0x4</size>
         <input_file_ref idref="fl-4e"/>
      </object_component>
      <object_component id="oc-1c8">
         <name>.cinit</name>
         <load_address>0x33d1e7</load_address>
         <run_address>0x33d1e7</run_address>
         <size>0x4</size>
         <input_file_ref idref="fl-50"/>
      </object_component>
      <object_component id="oc-1e7">
         <name>.text</name>
         <load_address>0x338000</load_address>
         <run_address>0x338000</run_address>
         <size>0x2746</size>
         <input_file_ref idref="fl-21"/>
      </object_component>
      <object_component id="oc-1e4">
         <name>.text</name>
         <load_address>0x33a746</load_address>
         <run_address>0x33a746</run_address>
         <size>0x786</size>
         <input_file_ref idref="fl-23"/>
      </object_component>
      <object_component id="oc-1e6">
         <name>.text</name>
         <load_address>0x33aecc</load_address>
         <run_address>0x33aecc</run_address>
         <size>0x590</size>
         <input_file_ref idref="fl-24"/>
      </object_component>
      <object_component id="oc-7b">
         <name>.text:retain</name>
         <load_address>0x33b45c</load_address>
         <run_address>0x33b45c</run_address>
         <size>0x323</size>
         <input_file_ref idref="fl-a"/>
      </object_component>
      <object_component id="oc-1e5">
         <name>.text</name>
         <load_address>0x33b77f</load_address>
         <run_address>0x33b77f</run_address>
         <size>0x29e</size>
         <input_file_ref idref="fl-22"/>
      </object_component>
      <object_component id="oc-1e8">
         <name>.text</name>
         <load_address>0x33ba1d</load_address>
         <run_address>0x33ba1d</run_address>
         <size>0x29b</size>
         <input_file_ref idref="fl-25"/>
      </object_component>
      <object_component id="oc-1ff">
         <name>.text</name>
         <load_address>0x33bcb8</load_address>
         <run_address>0x33bcb8</run_address>
         <size>0x1f7</size>
         <input_file_ref idref="fl-17"/>
      </object_component>
      <object_component id="oc-1e9">
         <name>.text</name>
         <load_address>0x33beaf</load_address>
         <run_address>0x33beaf</run_address>
         <size>0x1d2</size>
         <input_file_ref idref="fl-50"/>
      </object_component>
      <object_component id="oc-201">
         <name>.text</name>
         <load_address>0x33c081</load_address>
         <run_address>0x33c081</run_address>
         <size>0x19a</size>
         <input_file_ref idref="fl-1a"/>
      </object_component>
      <object_component id="oc-202">
         <name>.text</name>
         <load_address>0x33c21b</load_address>
         <run_address>0x33c21b</run_address>
         <size>0x14d</size>
         <input_file_ref idref="fl-28"/>
      </object_component>
      <object_component id="oc-1f8">
         <name>.text</name>
         <load_address>0x33c368</load_address>
         <run_address>0x33c368</run_address>
         <size>0xea</size>
         <input_file_ref idref="fl-19"/>
      </object_component>
      <object_component id="oc-1f2">
         <name>.text</name>
         <load_address>0x33c452</load_address>
         <run_address>0x33c452</run_address>
         <size>0xd4</size>
         <input_file_ref idref="fl-42"/>
      </object_component>
      <object_component id="oc-207">
         <name>.text</name>
         <load_address>0x33c526</load_address>
         <run_address>0x33c526</run_address>
         <size>0xcb</size>
         <input_file_ref idref="fl-44"/>
      </object_component>
      <object_component id="oc-200">
         <name>.text</name>
         <load_address>0x33c5f1</load_address>
         <run_address>0x33c5f1</run_address>
         <size>0xc0</size>
         <input_file_ref idref="fl-18"/>
      </object_component>
      <object_component id="oc-1f0">
         <name>.text</name>
         <load_address>0x33c6b1</load_address>
         <run_address>0x33c6b1</run_address>
         <size>0xa4</size>
         <input_file_ref idref="fl-2b"/>
      </object_component>
      <object_component id="oc-206">
         <name>.text</name>
         <load_address>0x33c755</load_address>
         <run_address>0x33c755</run_address>
         <size>0x9f</size>
         <input_file_ref idref="fl-20"/>
      </object_component>
      <object_component id="oc-1de">
         <name>.text</name>
         <load_address>0x33c7f4</load_address>
         <run_address>0x33c7f4</run_address>
         <size>0x9f</size>
         <input_file_ref idref="fl-1f"/>
      </object_component>
      <object_component id="oc-152">
         <name>.text:retain</name>
         <load_address>0x33c893</load_address>
         <run_address>0x33c893</run_address>
         <size>0x9f</size>
         <input_file_ref idref="fl-29"/>
      </object_component>
      <object_component id="oc-1ec">
         <name>.text</name>
         <load_address>0x33c932</load_address>
         <run_address>0x33c932</run_address>
         <size>0x9f</size>
         <input_file_ref idref="fl-2f"/>
      </object_component>
      <object_component id="oc-209">
         <name>.text</name>
         <load_address>0x33c9d1</load_address>
         <run_address>0x33c9d1</run_address>
         <size>0x8e</size>
         <input_file_ref idref="fl-1c"/>
      </object_component>
      <object_component id="oc-19e">
         <name>.text</name>
         <load_address>0x33ca5f</load_address>
         <run_address>0x33ca5f</run_address>
         <size>0x88</size>
         <input_file_ref idref="fl-48"/>
      </object_component>
      <object_component id="oc-1df">
         <name>.text</name>
         <load_address>0x33cae7</load_address>
         <run_address>0x33cae7</run_address>
         <size>0x82</size>
         <input_file_ref idref="fl-2"/>
      </object_component>
      <object_component id="oc-1fe">
         <name>.text</name>
         <load_address>0x33cb69</load_address>
         <run_address>0x33cb69</run_address>
         <size>0x69</size>
         <input_file_ref idref="fl-7"/>
      </object_component>
      <object_component id="oc-203">
         <name>.text</name>
         <load_address>0x33cbd2</load_address>
         <run_address>0x33cbd2</run_address>
         <size>0x68</size>
         <input_file_ref idref="fl-2a"/>
      </object_component>
      <object_component id="oc-204">
         <name>.text</name>
         <load_address>0x33cc3a</load_address>
         <run_address>0x33cc3a</run_address>
         <size>0x68</size>
         <input_file_ref idref="fl-1d"/>
      </object_component>
      <object_component id="oc-1f4">
         <name>.text</name>
         <load_address>0x33cca2</load_address>
         <run_address>0x33cca2</run_address>
         <size>0x61</size>
         <input_file_ref idref="fl-45"/>
      </object_component>
      <object_component id="oc-1f5">
         <name>.text</name>
         <load_address>0x33cd03</load_address>
         <run_address>0x33cd03</run_address>
         <size>0x58</size>
         <input_file_ref idref="fl-46"/>
      </object_component>
      <object_component id="oc-51">
         <name>.text</name>
         <load_address>0x33cd5b</load_address>
         <run_address>0x33cd5b</run_address>
         <size>0x56</size>
         <input_file_ref idref="fl-47"/>
      </object_component>
      <object_component id="oc-1eb">
         <name>.text</name>
         <load_address>0x33cdb1</load_address>
         <run_address>0x33cdb1</run_address>
         <size>0x4b</size>
         <input_file_ref idref="fl-30"/>
      </object_component>
      <object_component id="oc-205">
         <name>.text</name>
         <load_address>0x33cdfc</load_address>
         <run_address>0x33cdfc</run_address>
         <size>0x48</size>
         <input_file_ref idref="fl-1e"/>
      </object_component>
      <object_component id="oc-1ea">
         <name>.text</name>
         <load_address>0x33ce44</load_address>
         <run_address>0x33ce44</run_address>
         <size>0x38</size>
         <input_file_ref idref="fl-2c"/>
      </object_component>
      <object_component id="oc-1dd">
         <name>.text</name>
         <load_address>0x33ce7c</load_address>
         <run_address>0x33ce7c</run_address>
         <size>0x29</size>
         <input_file_ref idref="fl-4f"/>
      </object_component>
      <object_component id="oc-1fb">
         <name>.text</name>
         <load_address>0x33cea5</load_address>
         <run_address>0x33cea5</run_address>
         <size>0x28</size>
         <input_file_ref idref="fl-15"/>
      </object_component>
      <object_component id="oc-1db">
         <name>.text</name>
         <load_address>0x33cecd</load_address>
         <run_address>0x33cecd</run_address>
         <size>0x1</size>
         <input_file_ref idref="fl-4d"/>
      </object_component>
      <object_component id="oc-1ef">
         <name>.text</name>
         <load_address>0x33cece</load_address>
         <run_address>0x33cece</run_address>
         <size>0x26</size>
         <input_file_ref idref="fl-43"/>
      </object_component>
      <object_component id="oc-1da">
         <name>.text</name>
         <load_address>0x33cef4</load_address>
         <run_address>0x33cef4</run_address>
         <size>0x24</size>
         <input_file_ref idref="fl-4a"/>
      </object_component>
      <object_component id="oc-1fd">
         <name>.text</name>
         <load_address>0x33cf18</load_address>
         <run_address>0x33cf18</run_address>
         <size>0x23</size>
         <input_file_ref idref="fl-11"/>
      </object_component>
      <object_component id="oc-1a3">
         <name>.text</name>
         <load_address>0x33cf3b</load_address>
         <run_address>0x33cf3b</run_address>
         <size>0x22</size>
         <input_file_ref idref="fl-49"/>
      </object_component>
      <object_component id="oc-1fc">
         <name>.text</name>
         <load_address>0x33cf5d</load_address>
         <run_address>0x33cf5d</run_address>
         <size>0x20</size>
         <input_file_ref idref="fl-16"/>
      </object_component>
      <object_component id="oc-1e0">
         <name>.text</name>
         <load_address>0x33cf7d</load_address>
         <run_address>0x33cf7d</run_address>
         <size>0x1e</size>
         <input_file_ref idref="fl-4b"/>
      </object_component>
      <object_component id="oc-1dc">
         <name>.text</name>
         <load_address>0x33cf9b</load_address>
         <run_address>0x33cf9b</run_address>
         <size>0x19</size>
         <input_file_ref idref="fl-52"/>
      </object_component>
      <object_component id="oc-1f9">
         <name>.text</name>
         <load_address>0x33cfb4</load_address>
         <run_address>0x33cfb4</run_address>
         <size>0x13</size>
         <input_file_ref idref="fl-14"/>
      </object_component>
      <object_component id="oc-1e1">
         <name>.text</name>
         <load_address>0x33cfc7</load_address>
         <run_address>0x33cfc7</run_address>
         <size>0x10</size>
         <input_file_ref idref="fl-2e"/>
      </object_component>
      <object_component id="oc-1ed">
         <name>.text</name>
         <load_address>0x33cfd7</load_address>
         <run_address>0x33cfd7</run_address>
         <size>0x9</size>
         <input_file_ref idref="fl-51"/>
      </object_component>
      <object_component id="oc-63">
         <name>.text</name>
         <load_address>0x33cfe0</load_address>
         <run_address>0x33cfe0</run_address>
         <size>0x8</size>
         <input_file_ref idref="fl-6"/>
      </object_component>
      <object_component id="oc-80">
         <name>.text</name>
         <load_address>0x33cfe8</load_address>
         <run_address>0x33cfe8</run_address>
         <size>0x7</size>
         <input_file_ref idref="fl-b"/>
      </object_component>
      <object_component id="oc-6f">
         <name>.text</name>
         <load_address>0x33cfef</load_address>
         <run_address>0x33cfef</run_address>
         <size>0x3</size>
         <input_file_ref idref="fl-8"/>
      </object_component>
      <object_component id="oc-1d9">
         <name>.text</name>
         <load_address>0x33cff2</load_address>
         <run_address>0x33cff2</run_address>
         <size>0x2</size>
         <input_file_ref idref="fl-4c"/>
      </object_component>
      <object_component id="oc-64">
         <name>codestart</name>
         <load_address>0x33fff6</load_address>
         <run_address>0x33fff6</run_address>
         <size>0x2</size>
         <input_file_ref idref="fl-6"/>
      </object_component>
      <object_component id="oc-1fa">
         <name>ramfuncs</name>
         <load_address>0x320000</load_address>
         <run_address>0x8000</run_address>
         <size>0x1b</size>
         <input_file_ref idref="fl-19"/>
      </object_component>
      <object_component id="oc-ff">
         <name>ramfuncs</name>
         <load_address>0x32001b</load_address>
         <run_address>0x801b</run_address>
         <size>0x4</size>
         <input_file_ref idref="fl-1b"/>
      </object_component>
      <object_component id="oc-61">
         <name>csmpasswds</name>
         <load_address>0x33fff8</load_address>
         <run_address>0x33fff8</run_address>
         <size>0x8</size>
         <input_file_ref idref="fl-5"/>
      </object_component>
      <object_component id="oc-62">
         <name>csm_rsvd</name>
         <load_address>0x33ff80</load_address>
         <run_address>0x33ff80</run_address>
         <size>0x76</size>
         <input_file_ref idref="fl-5"/>
      </object_component>
      <object_component id="oc-198">
         <name>.stack</name>
         <uninitialized>true</uninitialized>
         <run_address>0xd000</run_address>
         <size>0x0</size>
         <input_file_ref idref="fl-47"/>
      </object_component>
      <object_component id="oc-267">
         <name>.stack</name>
         <uninitialized>true</uninitialized>
         <run_address>0xd000</run_address>
         <size>0x0</size>
      </object_component>
      <object_component id="oc-6a">
         <name>.ebss</name>
         <uninitialized>true</uninitialized>
         <run_address>0xc256</run_address>
         <size>0x8</size>
         <input_file_ref idref="fl-7"/>
      </object_component>
      <object_component id="oc-75">
         <name>.ebss</name>
         <uninitialized>true</uninitialized>
         <run_address>0xc248</run_address>
         <size>0xe</size>
         <input_file_ref idref="fl-9"/>
      </object_component>
      <object_component id="oc-f0">
         <name>.ebss</name>
         <uninitialized>true</uninitialized>
         <run_address>0xc280</run_address>
         <size>0x240</size>
         <input_file_ref idref="fl-18"/>
      </object_component>
      <object_component id="oc-10b">
         <name>.ebss</name>
         <uninitialized>true</uninitialized>
         <run_address>0xc4c0</run_address>
         <size>0x140</size>
         <input_file_ref idref="fl-1d"/>
      </object_component>
      <object_component id="oc-116">
         <name>.ebss</name>
         <uninitialized>true</uninitialized>
         <run_address>0xca00</run_address>
         <size>0x80</size>
         <input_file_ref idref="fl-1f"/>
      </object_component>
      <object_component id="oc-121">
         <name>.ebss</name>
         <uninitialized>true</uninitialized>
         <run_address>0xc840</run_address>
         <size>0xdc</size>
         <input_file_ref idref="fl-21"/>
      </object_component>
      <object_component id="oc-12d">
         <name>.ebss</name>
         <uninitialized>true</uninitialized>
         <run_address>0xc600</run_address>
         <size>0x110</size>
         <input_file_ref idref="fl-23"/>
      </object_component>
      <object_component id="oc-134">
         <name>.ebss</name>
         <uninitialized>true</uninitialized>
         <run_address>0xc740</run_address>
         <size>0x100</size>
         <input_file_ref idref="fl-24"/>
      </object_component>
      <object_component id="oc-13b">
         <name>.ebss</name>
         <uninitialized>true</uninitialized>
         <run_address>0xc940</run_address>
         <size>0x90</size>
         <input_file_ref idref="fl-25"/>
      </object_component>
      <object_component id="oc-149">
         <name>.ebss</name>
         <uninitialized>true</uninitialized>
         <run_address>0xc26c</run_address>
         <size>0x3</size>
         <input_file_ref idref="fl-28"/>
      </object_component>
      <object_component id="oc-151">
         <name>.ebss</name>
         <uninitialized>true</uninitialized>
         <run_address>0xc274</run_address>
         <size>0x2</size>
         <input_file_ref idref="fl-29"/>
      </object_component>
      <object_component id="oc-178">
         <name>.ebss</name>
         <uninitialized>true</uninitialized>
         <run_address>0xc000</run_address>
         <size>0x248</size>
         <input_file_ref idref="fl-30"/>
      </object_component>
      <object_component id="oc-1be">
         <name>.ebss</name>
         <uninitialized>true</uninitialized>
         <run_address>0xc26f</run_address>
         <size>0x1</size>
         <input_file_ref idref="fl-4e"/>
      </object_component>
      <object_component id="oc-1c2">
         <name>.ebss</name>
         <uninitialized>true</uninitialized>
         <run_address>0xc266</run_address>
         <size>0x6</size>
         <input_file_ref idref="fl-4f"/>
      </object_component>
      <object_component id="oc-1c9">
         <name>.ebss</name>
         <uninitialized>true</uninitialized>
         <run_address>0xc25e</run_address>
         <size>0x8</size>
         <input_file_ref idref="fl-50"/>
      </object_component>
      <object_component id="oc-1f7">
         <name>.ebss:__unlock</name>
         <uninitialized>true</uninitialized>
         <run_address>0xc272</run_address>
         <size>0x2</size>
         <input_file_ref idref="fl-51"/>
      </object_component>
      <object_component id="oc-1e2">
         <name>.ebss:__lock</name>
         <uninitialized>true</uninitialized>
         <run_address>0xc270</run_address>
         <size>0x2</size>
         <input_file_ref idref="fl-51"/>
      </object_component>
      <object_component id="oc-1ca">
         <name>.esysmem</name>
         <uninitialized>true</uninitialized>
         <run_address>0x400</run_address>
         <size>0x1</size>
         <input_file_ref idref="fl-50"/>
      </object_component>
      <object_component id="oc-268">
         <name>.esysmem</name>
         <uninitialized>true</uninitialized>
         <run_address>0x400</run_address>
         <size>0x0</size>
      </object_component>
      <object_component id="oc-208">
         <name>.econst:_PieVectTableInit</name>
         <load_address>0x33cff4</load_address>
         <run_address>0x33cff4</run_address>
         <size>0x100</size>
         <input_file_ref idref="fl-16"/>
      </object_component>
      <object_component id="oc-17e">
         <name>.econst</name>
         <load_address>0x33d0f4</load_address>
         <run_address>0x33d0f4</run_address>
         <size>0xc</size>
         <input_file_ref idref="fl-42"/>
      </object_component>
      <object_component id="oc-20c">
         <name>.econst:_aT</name>
         <load_address>0x33d100</load_address>
         <run_address>0x33d100</run_address>
         <size>0xa</size>
         <input_file_ref idref="fl-44"/>
      </object_component>
      <object_component id="oc-20a">
         <name>.econst:_atanhi</name>
         <load_address>0x33d10a</load_address>
         <run_address>0x33d10a</run_address>
         <size>0x8</size>
         <input_file_ref idref="fl-44"/>
      </object_component>
      <object_component id="oc-20b">
         <name>.econst:_atanlo</name>
         <load_address>0x33d112</load_address>
         <run_address>0x33d112</run_address>
         <size>0x8</size>
         <input_file_ref idref="fl-44"/>
      </object_component>
      <object_component id="oc-189">
         <name>.econst</name>
         <load_address>0x33d11a</load_address>
         <run_address>0x33d11a</run_address>
         <size>0x4</size>
         <input_file_ref idref="fl-44"/>
      </object_component>
      <object_component id="oc-1f1">
         <name>.switch:_Decouple_CRDmode</name>
         <load_address>0x33d11e</load_address>
         <run_address>0x33d11e</run_address>
         <size>0x44</size>
         <input_file_ref idref="fl-21"/>
      </object_component>
      <object_component id="oc-1f3">
         <name>.switch:_Prep_CRDmode</name>
         <load_address>0x33d162</load_address>
         <run_address>0x33d162</run_address>
         <size>0x28</size>
         <input_file_ref idref="fl-21"/>
      </object_component>
      <object_component id="oc-1f6">
         <name>.switch:_Run_CRDmode</name>
         <load_address>0x33d18a</load_address>
         <run_address>0x33d18a</run_address>
         <size>0x28</size>
         <input_file_ref idref="fl-21"/>
      </object_component>
      <object_component id="oc-122">
         <name>EXTRAM_DATA</name>
         <uninitialized>true</uninitialized>
         <run_address>0x118000</run_address>
         <size>0x10000</size>
         <input_file_ref idref="fl-21"/>
      </object_component>
      <object_component id="oc-135">
         <name>EXTRAM_DATA</name>
         <uninitialized>true</uninitialized>
         <run_address>0x100000</run_address>
         <size>0x18000</size>
         <input_file_ref idref="fl-24"/>
      </object_component>
      <object_component id="oc-14a">
         <name>EXTFLASH_DATA</name>
         <uninitialized>true</uninitialized>
         <run_address>0x200000</run_address>
         <size>0x8000</size>
         <input_file_ref idref="fl-28"/>
      </object_component>
      <object_component id="oc-199">
         <name>.reset</name>
         <load_address>0x3fffc0</load_address>
         <run_address>0x3fffc0</run_address>
         <size>0x2</size>
         <input_file_ref idref="fl-47"/>
      </object_component>
      <object_component id="oc-57">
         <name>.adc_cal</name>
         <load_address>0x380080</load_address>
         <run_address>0x380080</run_address>
         <size>0x7</size>
         <input_file_ref idref="fl-3"/>
      </object_component>
      <object_component id="oc-15d">
         <name>MotorRegsFiles</name>
         <uninitialized>true</uninitialized>
         <run_address>0x4000</run_address>
         <size>0x100</size>
         <input_file_ref idref="fl-2b"/>
      </object_component>
      <object_component id="oc-146">
         <name>ExioRegsFiles</name>
         <uninitialized>true</uninitialized>
         <run_address>0x4300</run_address>
         <size>0x2</size>
         <input_file_ref idref="fl-27"/>
      </object_component>
      <object_component id="oc-52">
         <name>.debug_info</name>
         <load_address>0x0</load_address>
         <run_address>0x0</run_address>
         <size>0x949</size>
         <input_file_ref idref="fl-2"/>
      </object_component>
      <object_component id="oc-58">
         <name>.debug_info</name>
         <load_address>0x949</load_address>
         <run_address>0x949</run_address>
         <size>0xf5</size>
         <input_file_ref idref="fl-3"/>
      </object_component>
      <object_component id="oc-5c">
         <name>.debug_info</name>
         <load_address>0xa3e</load_address>
         <run_address>0xa3e</run_address>
         <size>0x1de3</size>
         <input_file_ref idref="fl-4"/>
      </object_component>
      <object_component id="oc-65">
         <name>.debug_info</name>
         <load_address>0x2821</load_address>
         <run_address>0x2821</run_address>
         <size>0x138</size>
         <input_file_ref idref="fl-6"/>
      </object_component>
      <object_component id="oc-69">
         <name>.debug_info</name>
         <load_address>0x2959</load_address>
         <run_address>0x2959</run_address>
         <size>0x2bbc</size>
         <input_file_ref idref="fl-7"/>
      </object_component>
      <object_component id="oc-70">
         <name>.debug_info</name>
         <load_address>0x5515</load_address>
         <run_address>0x5515</run_address>
         <size>0xf3</size>
         <input_file_ref idref="fl-8"/>
      </object_component>
      <object_component id="oc-74">
         <name>.debug_info</name>
         <load_address>0x5608</load_address>
         <run_address>0x5608</run_address>
         <size>0x1281</size>
         <input_file_ref idref="fl-9"/>
      </object_component>
      <object_component id="oc-7a">
         <name>.debug_info</name>
         <load_address>0x6889</load_address>
         <run_address>0x6889</run_address>
         <size>0x27ed</size>
         <input_file_ref idref="fl-a"/>
      </object_component>
      <object_component id="oc-81">
         <name>.debug_info</name>
         <load_address>0x9076</load_address>
         <run_address>0x9076</run_address>
         <size>0xf9</size>
         <input_file_ref idref="fl-b"/>
      </object_component>
      <object_component id="oc-85">
         <name>.debug_info</name>
         <load_address>0x916f</load_address>
         <run_address>0x916f</run_address>
         <size>0x5d8e</size>
         <input_file_ref idref="fl-c"/>
      </object_component>
      <object_component id="oc-8a">
         <name>.debug_info</name>
         <load_address>0xeefd</load_address>
         <run_address>0xeefd</run_address>
         <size>0x1b9c</size>
         <input_file_ref idref="fl-d"/>
      </object_component>
      <object_component id="oc-8f">
         <name>.debug_info</name>
         <load_address>0x10a99</load_address>
         <run_address>0x10a99</run_address>
         <size>0x1d32</size>
         <input_file_ref idref="fl-e"/>
      </object_component>
      <object_component id="oc-94">
         <name>.debug_info</name>
         <load_address>0x127cb</load_address>
         <run_address>0x127cb</run_address>
         <size>0x1b9c</size>
         <input_file_ref idref="fl-f"/>
      </object_component>
      <object_component id="oc-99">
         <name>.debug_info</name>
         <load_address>0x14367</load_address>
         <run_address>0x14367</run_address>
         <size>0x13227</size>
         <input_file_ref idref="fl-10"/>
      </object_component>
      <object_component id="oc-cc">
         <name>.debug_info</name>
         <load_address>0x2758e</load_address>
         <run_address>0x2758e</run_address>
         <size>0x1d9d</size>
         <input_file_ref idref="fl-11"/>
      </object_component>
      <object_component id="oc-d1">
         <name>.debug_info</name>
         <load_address>0x2932b</load_address>
         <run_address>0x2932b</run_address>
         <size>0x1b9b</size>
         <input_file_ref idref="fl-12"/>
      </object_component>
      <object_component id="oc-d6">
         <name>.debug_info</name>
         <load_address>0x2aec6</load_address>
         <run_address>0x2aec6</run_address>
         <size>0x49cd</size>
         <input_file_ref idref="fl-13"/>
      </object_component>
      <object_component id="oc-db">
         <name>.debug_info</name>
         <load_address>0x2f893</load_address>
         <run_address>0x2f893</run_address>
         <size>0x47d</size>
         <input_file_ref idref="fl-14"/>
      </object_component>
      <object_component id="oc-e0">
         <name>.debug_info</name>
         <load_address>0x2fd10</load_address>
         <run_address>0x2fd10</run_address>
         <size>0xb76</size>
         <input_file_ref idref="fl-15"/>
      </object_component>
      <object_component id="oc-e5">
         <name>.debug_info</name>
         <load_address>0x30886</load_address>
         <run_address>0x30886</run_address>
         <size>0x22d0</size>
         <input_file_ref idref="fl-16"/>
      </object_component>
      <object_component id="oc-ea">
         <name>.debug_info</name>
         <load_address>0x32b56</load_address>
         <run_address>0x32b56</run_address>
         <size>0x3965</size>
         <input_file_ref idref="fl-17"/>
      </object_component>
      <object_component id="oc-ef">
         <name>.debug_info</name>
         <load_address>0x364bb</load_address>
         <run_address>0x364bb</run_address>
         <size>0x48fc</size>
         <input_file_ref idref="fl-18"/>
      </object_component>
      <object_component id="oc-f5">
         <name>.debug_info</name>
         <load_address>0x3adb7</load_address>
         <run_address>0x3adb7</run_address>
         <size>0x205c</size>
         <input_file_ref idref="fl-19"/>
      </object_component>
      <object_component id="oc-fa">
         <name>.debug_info</name>
         <load_address>0x3ce13</load_address>
         <run_address>0x3ce13</run_address>
         <size>0x3057</size>
         <input_file_ref idref="fl-1a"/>
      </object_component>
      <object_component id="oc-100">
         <name>.debug_info</name>
         <load_address>0x3fe6a</load_address>
         <run_address>0x3fe6a</run_address>
         <size>0xf5</size>
         <input_file_ref idref="fl-1b"/>
      </object_component>
      <object_component id="oc-104">
         <name>.debug_info</name>
         <load_address>0x3ff5f</load_address>
         <run_address>0x3ff5f</run_address>
         <size>0x709</size>
         <input_file_ref idref="fl-1c"/>
      </object_component>
      <object_component id="oc-109">
         <name>.debug_info</name>
         <load_address>0x40668</load_address>
         <run_address>0x40668</run_address>
         <size>0x6ce</size>
         <input_file_ref idref="fl-1d"/>
      </object_component>
      <object_component id="oc-110">
         <name>.debug_info</name>
         <load_address>0x40d36</load_address>
         <run_address>0x40d36</run_address>
         <size>0x1508</size>
         <input_file_ref idref="fl-1e"/>
      </object_component>
      <object_component id="oc-115">
         <name>.debug_info</name>
         <load_address>0x4223e</load_address>
         <run_address>0x4223e</run_address>
         <size>0x910</size>
         <input_file_ref idref="fl-1f"/>
      </object_component>
      <object_component id="oc-11b">
         <name>.debug_info</name>
         <load_address>0x42b4e</load_address>
         <run_address>0x42b4e</run_address>
         <size>0xf29</size>
         <input_file_ref idref="fl-20"/>
      </object_component>
      <object_component id="oc-120">
         <name>.debug_info</name>
         <load_address>0x43a77</load_address>
         <run_address>0x43a77</run_address>
         <size>0x5d02</size>
         <input_file_ref idref="fl-21"/>
      </object_component>
      <object_component id="oc-127">
         <name>.debug_info</name>
         <load_address>0x49779</load_address>
         <run_address>0x49779</run_address>
         <size>0x13a8</size>
         <input_file_ref idref="fl-22"/>
      </object_component>
      <object_component id="oc-12c">
         <name>.debug_info</name>
         <load_address>0x4ab21</load_address>
         <run_address>0x4ab21</run_address>
         <size>0x1a9e</size>
         <input_file_ref idref="fl-23"/>
      </object_component>
      <object_component id="oc-132">
         <name>.debug_info</name>
         <load_address>0x4c5bf</load_address>
         <run_address>0x4c5bf</run_address>
         <size>0x19f7</size>
         <input_file_ref idref="fl-24"/>
      </object_component>
      <object_component id="oc-13a">
         <name>.debug_info</name>
         <load_address>0x4dfb6</load_address>
         <run_address>0x4dfb6</run_address>
         <size>0x1471</size>
         <input_file_ref idref="fl-25"/>
      </object_component>
      <object_component id="oc-140">
         <name>.debug_info</name>
         <load_address>0x4f427</load_address>
         <run_address>0x4f427</run_address>
         <size>0x7d1</size>
         <input_file_ref idref="fl-26"/>
      </object_component>
      <object_component id="oc-145">
         <name>.debug_info</name>
         <load_address>0x4fbf8</load_address>
         <run_address>0x4fbf8</run_address>
         <size>0x37f</size>
         <input_file_ref idref="fl-27"/>
      </object_component>
      <object_component id="oc-148">
         <name>.debug_info</name>
         <load_address>0x4ff77</load_address>
         <run_address>0x4ff77</run_address>
         <size>0xd09</size>
         <input_file_ref idref="fl-28"/>
      </object_component>
      <object_component id="oc-14f">
         <name>.debug_info</name>
         <load_address>0x50c80</load_address>
         <run_address>0x50c80</run_address>
         <size>0x161b</size>
         <input_file_ref idref="fl-29"/>
      </object_component>
      <object_component id="oc-157">
         <name>.debug_info</name>
         <load_address>0x5229b</load_address>
         <run_address>0x5229b</run_address>
         <size>0x1eb2</size>
         <input_file_ref idref="fl-2a"/>
      </object_component>
      <object_component id="oc-15c">
         <name>.debug_info</name>
         <load_address>0x5414d</load_address>
         <run_address>0x5414d</run_address>
         <size>0xecd</size>
         <input_file_ref idref="fl-2b"/>
      </object_component>
      <object_component id="oc-162">
         <name>.debug_info</name>
         <load_address>0x5501a</load_address>
         <run_address>0x5501a</run_address>
         <size>0x875</size>
         <input_file_ref idref="fl-2c"/>
      </object_component>
      <object_component id="oc-167">
         <name>.debug_info</name>
         <load_address>0x5588f</load_address>
         <run_address>0x5588f</run_address>
         <size>0x368</size>
         <input_file_ref idref="fl-2d"/>
      </object_component>
      <object_component id="oc-16c">
         <name>.debug_info</name>
         <load_address>0x55bf7</load_address>
         <run_address>0x55bf7</run_address>
         <size>0x58e</size>
         <input_file_ref idref="fl-2e"/>
      </object_component>
      <object_component id="oc-171">
         <name>.debug_info</name>
         <load_address>0x56185</load_address>
         <run_address>0x56185</run_address>
         <size>0x1101</size>
         <input_file_ref idref="fl-2f"/>
      </object_component>
      <object_component id="oc-176">
         <name>.debug_info</name>
         <load_address>0x57286</load_address>
         <run_address>0x57286</run_address>
         <size>0x15ba</size>
         <input_file_ref idref="fl-30"/>
      </object_component>
      <object_component id="oc-17d">
         <name>.debug_info</name>
         <load_address>0x58840</load_address>
         <run_address>0x58840</run_address>
         <size>0x53c</size>
         <input_file_ref idref="fl-42"/>
      </object_component>
      <object_component id="oc-183">
         <name>.debug_info</name>
         <load_address>0x58d7c</load_address>
         <run_address>0x58d7c</run_address>
         <size>0x410</size>
         <input_file_ref idref="fl-43"/>
      </object_component>
      <object_component id="oc-188">
         <name>.debug_info</name>
         <load_address>0x5918c</load_address>
         <run_address>0x5918c</run_address>
         <size>0x514</size>
         <input_file_ref idref="fl-44"/>
      </object_component>
      <object_component id="oc-18e">
         <name>.debug_info</name>
         <load_address>0x596a0</load_address>
         <run_address>0x596a0</run_address>
         <size>0x404</size>
         <input_file_ref idref="fl-45"/>
      </object_component>
      <object_component id="oc-193">
         <name>.debug_info</name>
         <load_address>0x59aa4</load_address>
         <run_address>0x59aa4</run_address>
         <size>0x416</size>
         <input_file_ref idref="fl-46"/>
      </object_component>
      <object_component id="oc-19a">
         <name>.debug_info</name>
         <load_address>0x59eba</load_address>
         <run_address>0x59eba</run_address>
         <size>0x16b</size>
         <input_file_ref idref="fl-47"/>
      </object_component>
      <object_component id="oc-19f">
         <name>.debug_info</name>
         <load_address>0x5a025</load_address>
         <run_address>0x5a025</run_address>
         <size>0x10c</size>
         <input_file_ref idref="fl-48"/>
      </object_component>
      <object_component id="oc-1a4">
         <name>.debug_info</name>
         <load_address>0x5a131</load_address>
         <run_address>0x5a131</run_address>
         <size>0x139</size>
         <input_file_ref idref="fl-49"/>
      </object_component>
      <object_component id="oc-1a8">
         <name>.debug_info</name>
         <load_address>0x5a26a</load_address>
         <run_address>0x5a26a</run_address>
         <size>0x574</size>
         <input_file_ref idref="fl-4a"/>
      </object_component>
      <object_component id="oc-1ad">
         <name>.debug_info</name>
         <load_address>0x5a7de</load_address>
         <run_address>0x5a7de</run_address>
         <size>0x46f</size>
         <input_file_ref idref="fl-4b"/>
      </object_component>
      <object_component id="oc-1b2">
         <name>.debug_info</name>
         <load_address>0x5ac4d</load_address>
         <run_address>0x5ac4d</run_address>
         <size>0x3e2</size>
         <input_file_ref idref="fl-4c"/>
      </object_component>
      <object_component id="oc-1b7">
         <name>.debug_info</name>
         <load_address>0x5b02f</load_address>
         <run_address>0x5b02f</run_address>
         <size>0x3df</size>
         <input_file_ref idref="fl-4d"/>
      </object_component>
      <object_component id="oc-1bc">
         <name>.debug_info</name>
         <load_address>0x5b40e</load_address>
         <run_address>0x5b40e</run_address>
         <size>0x1bb</size>
         <input_file_ref idref="fl-4e"/>
      </object_component>
      <object_component id="oc-1c0">
         <name>.debug_info</name>
         <load_address>0x5b5c9</load_address>
         <run_address>0x5b5c9</run_address>
         <size>0x579</size>
         <input_file_ref idref="fl-4f"/>
      </object_component>
      <object_component id="oc-1c7">
         <name>.debug_info</name>
         <load_address>0x5bb42</load_address>
         <run_address>0x5bb42</run_address>
         <size>0xb19</size>
         <input_file_ref idref="fl-50"/>
      </object_component>
      <object_component id="oc-1cf">
         <name>.debug_info</name>
         <load_address>0x5c65b</load_address>
         <run_address>0x5c65b</run_address>
         <size>0x501</size>
         <input_file_ref idref="fl-51"/>
      </object_component>
      <object_component id="oc-1d4">
         <name>.debug_info</name>
         <load_address>0x5cb5c</load_address>
         <run_address>0x5cb5c</run_address>
         <size>0x49c</size>
         <input_file_ref idref="fl-52"/>
      </object_component>
      <object_component id="oc-269">
         <name>.debug_info</name>
         <load_address>0x5cff8</load_address>
         <run_address>0x5cff8</run_address>
         <size>0x96</size>
      </object_component>
      <object_component id="oc-53">
         <name>.debug_frame</name>
         <load_address>0x0</load_address>
         <run_address>0x0</run_address>
         <size>0xd8</size>
         <input_file_ref idref="fl-2"/>
      </object_component>
      <object_component id="oc-5d">
         <name>.debug_frame</name>
         <load_address>0xd8</load_address>
         <run_address>0xd8</run_address>
         <size>0x30</size>
         <input_file_ref idref="fl-4"/>
      </object_component>
      <object_component id="oc-6b">
         <name>.debug_frame</name>
         <load_address>0x108</load_address>
         <run_address>0x108</run_address>
         <size>0xac</size>
         <input_file_ref idref="fl-7"/>
      </object_component>
      <object_component id="oc-76">
         <name>.debug_frame</name>
         <load_address>0x1b4</load_address>
         <run_address>0x1b4</run_address>
         <size>0x30</size>
         <input_file_ref idref="fl-9"/>
      </object_component>
      <object_component id="oc-7c">
         <name>.debug_frame</name>
         <load_address>0x1e4</load_address>
         <run_address>0x1e4</run_address>
         <size>0xcb4</size>
         <input_file_ref idref="fl-a"/>
      </object_component>
      <object_component id="oc-86">
         <name>.debug_frame</name>
         <load_address>0xe98</load_address>
         <run_address>0xe98</run_address>
         <size>0x30</size>
         <input_file_ref idref="fl-c"/>
      </object_component>
      <object_component id="oc-8b">
         <name>.debug_frame</name>
         <load_address>0xec8</load_address>
         <run_address>0xec8</run_address>
         <size>0x30</size>
         <input_file_ref idref="fl-d"/>
      </object_component>
      <object_component id="oc-90">
         <name>.debug_frame</name>
         <load_address>0xef8</load_address>
         <run_address>0xef8</run_address>
         <size>0x30</size>
         <input_file_ref idref="fl-e"/>
      </object_component>
      <object_component id="oc-95">
         <name>.debug_frame</name>
         <load_address>0xf28</load_address>
         <run_address>0xf28</run_address>
         <size>0x30</size>
         <input_file_ref idref="fl-f"/>
      </object_component>
      <object_component id="oc-cd">
         <name>.debug_frame</name>
         <load_address>0xf58</load_address>
         <run_address>0xf58</run_address>
         <size>0x48</size>
         <input_file_ref idref="fl-11"/>
      </object_component>
      <object_component id="oc-d2">
         <name>.debug_frame</name>
         <load_address>0xfa0</load_address>
         <run_address>0xfa0</run_address>
         <size>0x30</size>
         <input_file_ref idref="fl-12"/>
      </object_component>
      <object_component id="oc-d7">
         <name>.debug_frame</name>
         <load_address>0xfd0</load_address>
         <run_address>0xfd0</run_address>
         <size>0x30</size>
         <input_file_ref idref="fl-13"/>
      </object_component>
      <object_component id="oc-dc">
         <name>.debug_frame</name>
         <load_address>0x1000</load_address>
         <run_address>0x1000</run_address>
         <size>0x4c</size>
         <input_file_ref idref="fl-14"/>
      </object_component>
      <object_component id="oc-e1">
         <name>.debug_frame</name>
         <load_address>0x104c</load_address>
         <run_address>0x104c</run_address>
         <size>0x60</size>
         <input_file_ref idref="fl-15"/>
      </object_component>
      <object_component id="oc-e6">
         <name>.debug_frame</name>
         <load_address>0x10ac</load_address>
         <run_address>0x10ac</run_address>
         <size>0x4c</size>
         <input_file_ref idref="fl-16"/>
      </object_component>
      <object_component id="oc-eb">
         <name>.debug_frame</name>
         <load_address>0x10f8</load_address>
         <run_address>0x10f8</run_address>
         <size>0x2c0</size>
         <input_file_ref idref="fl-17"/>
      </object_component>
      <object_component id="oc-f1">
         <name>.debug_frame</name>
         <load_address>0x13b8</load_address>
         <run_address>0x13b8</run_address>
         <size>0xb0</size>
         <input_file_ref idref="fl-18"/>
      </object_component>
      <object_component id="oc-f6">
         <name>.debug_frame</name>
         <load_address>0x1468</load_address>
         <run_address>0x1468</run_address>
         <size>0xe0</size>
         <input_file_ref idref="fl-19"/>
      </object_component>
      <object_component id="oc-fb">
         <name>.debug_frame</name>
         <load_address>0x1548</load_address>
         <run_address>0x1548</run_address>
         <size>0xe8</size>
         <input_file_ref idref="fl-1a"/>
      </object_component>
      <object_component id="oc-105">
         <name>.debug_frame</name>
         <load_address>0x1630</load_address>
         <run_address>0x1630</run_address>
         <size>0xbc</size>
         <input_file_ref idref="fl-1c"/>
      </object_component>
      <object_component id="oc-10c">
         <name>.debug_frame</name>
         <load_address>0x16ec</load_address>
         <run_address>0x16ec</run_address>
         <size>0x68</size>
         <input_file_ref idref="fl-1d"/>
      </object_component>
      <object_component id="oc-111">
         <name>.debug_frame</name>
         <load_address>0x1754</load_address>
         <run_address>0x1754</run_address>
         <size>0x4c</size>
         <input_file_ref idref="fl-1e"/>
      </object_component>
      <object_component id="oc-117">
         <name>.debug_frame</name>
         <load_address>0x17a0</load_address>
         <run_address>0x17a0</run_address>
         <size>0xa0</size>
         <input_file_ref idref="fl-1f"/>
      </object_component>
      <object_component id="oc-11c">
         <name>.debug_frame</name>
         <load_address>0x1840</load_address>
         <run_address>0x1840</run_address>
         <size>0xd4</size>
         <input_file_ref idref="fl-20"/>
      </object_component>
      <object_component id="oc-123">
         <name>.debug_frame</name>
         <load_address>0x1914</load_address>
         <run_address>0x1914</run_address>
         <size>0x674</size>
         <input_file_ref idref="fl-21"/>
      </object_component>
      <object_component id="oc-128">
         <name>.debug_frame</name>
         <load_address>0x1f88</load_address>
         <run_address>0x1f88</run_address>
         <size>0xd4</size>
         <input_file_ref idref="fl-22"/>
      </object_component>
      <object_component id="oc-12e">
         <name>.debug_frame</name>
         <load_address>0x205c</load_address>
         <run_address>0x205c</run_address>
         <size>0x1bc</size>
         <input_file_ref idref="fl-23"/>
      </object_component>
      <object_component id="oc-136">
         <name>.debug_frame</name>
         <load_address>0x2218</load_address>
         <run_address>0x2218</run_address>
         <size>0x19c</size>
         <input_file_ref idref="fl-24"/>
      </object_component>
      <object_component id="oc-13c">
         <name>.debug_frame</name>
         <load_address>0x23b4</load_address>
         <run_address>0x23b4</run_address>
         <size>0xf0</size>
         <input_file_ref idref="fl-25"/>
      </object_component>
      <object_component id="oc-141">
         <name>.debug_frame</name>
         <load_address>0x24a4</load_address>
         <run_address>0x24a4</run_address>
         <size>0x30</size>
         <input_file_ref idref="fl-26"/>
      </object_component>
      <object_component id="oc-14b">
         <name>.debug_frame</name>
         <load_address>0x24d4</load_address>
         <run_address>0x24d4</run_address>
         <size>0x118</size>
         <input_file_ref idref="fl-28"/>
      </object_component>
      <object_component id="oc-153">
         <name>.debug_frame</name>
         <load_address>0x25ec</load_address>
         <run_address>0x25ec</run_address>
         <size>0x134</size>
         <input_file_ref idref="fl-29"/>
      </object_component>
      <object_component id="oc-158">
         <name>.debug_frame</name>
         <load_address>0x2720</load_address>
         <run_address>0x2720</run_address>
         <size>0x80</size>
         <input_file_ref idref="fl-2a"/>
      </object_component>
      <object_component id="oc-15e">
         <name>.debug_frame</name>
         <load_address>0x27a0</load_address>
         <run_address>0x27a0</run_address>
         <size>0xd8</size>
         <input_file_ref idref="fl-2b"/>
      </object_component>
      <object_component id="oc-163">
         <name>.debug_frame</name>
         <load_address>0x2878</load_address>
         <run_address>0x2878</run_address>
         <size>0x4c</size>
         <input_file_ref idref="fl-2c"/>
      </object_component>
      <object_component id="oc-168">
         <name>.debug_frame</name>
         <load_address>0x28c4</load_address>
         <run_address>0x28c4</run_address>
         <size>0x30</size>
         <input_file_ref idref="fl-2d"/>
      </object_component>
      <object_component id="oc-16d">
         <name>.debug_frame</name>
         <load_address>0x28f4</load_address>
         <run_address>0x28f4</run_address>
         <size>0x48</size>
         <input_file_ref idref="fl-2e"/>
      </object_component>
      <object_component id="oc-172">
         <name>.debug_frame</name>
         <load_address>0x293c</load_address>
         <run_address>0x293c</run_address>
         <size>0x98</size>
         <input_file_ref idref="fl-2f"/>
      </object_component>
      <object_component id="oc-179">
         <name>.debug_frame</name>
         <load_address>0x29d4</load_address>
         <run_address>0x29d4</run_address>
         <size>0x68</size>
         <input_file_ref idref="fl-30"/>
      </object_component>
      <object_component id="oc-17f">
         <name>.debug_frame</name>
         <load_address>0x2a3c</load_address>
         <run_address>0x2a3c</run_address>
         <size>0x4c</size>
         <input_file_ref idref="fl-42"/>
      </object_component>
      <object_component id="oc-184">
         <name>.debug_frame</name>
         <load_address>0x2a88</load_address>
         <run_address>0x2a88</run_address>
         <size>0x4c</size>
         <input_file_ref idref="fl-43"/>
      </object_component>
      <object_component id="oc-18a">
         <name>.debug_frame</name>
         <load_address>0x2ad4</load_address>
         <run_address>0x2ad4</run_address>
         <size>0x58</size>
         <input_file_ref idref="fl-44"/>
      </object_component>
      <object_component id="oc-18f">
         <name>.debug_frame</name>
         <load_address>0x2b2c</load_address>
         <run_address>0x2b2c</run_address>
         <size>0x4c</size>
         <input_file_ref idref="fl-45"/>
      </object_component>
      <object_component id="oc-194">
         <name>.debug_frame</name>
         <load_address>0x2b78</load_address>
         <run_address>0x2b78</run_address>
         <size>0x4c</size>
         <input_file_ref idref="fl-46"/>
      </object_component>
      <object_component id="oc-1a9">
         <name>.debug_frame</name>
         <load_address>0x2bc4</load_address>
         <run_address>0x2bc4</run_address>
         <size>0x68</size>
         <input_file_ref idref="fl-4a"/>
      </object_component>
      <object_component id="oc-1ae">
         <name>.debug_frame</name>
         <load_address>0x2c2c</load_address>
         <run_address>0x2c2c</run_address>
         <size>0x48</size>
         <input_file_ref idref="fl-4b"/>
      </object_component>
      <object_component id="oc-1b3">
         <name>.debug_frame</name>
         <load_address>0x2c74</load_address>
         <run_address>0x2c74</run_address>
         <size>0x48</size>
         <input_file_ref idref="fl-4c"/>
      </object_component>
      <object_component id="oc-1b8">
         <name>.debug_frame</name>
         <load_address>0x2cbc</load_address>
         <run_address>0x2cbc</run_address>
         <size>0x48</size>
         <input_file_ref idref="fl-4d"/>
      </object_component>
      <object_component id="oc-1c3">
[...]
      </symbol>
      <symbol id="sm-35d">
         <name>_InitSysCtrl</name>
         <value>0x33c368</value>
         <object_component_ref idref="oc-1f8"/>
      </symbol>
      <symbol id="sm-369">
         <name>_InitXintf16Gpio</name>
         <value>0x33c1c1</value>
         <object_component_ref idref="oc-201"/>
      </symbol>
      <symbol id="sm-36a">
         <name>_InitZone7</name>
         <value>0x33c0e7</value>
         <object_component_ref idref="oc-201"/>
      </symbol>
      <symbol id="sm-36b">
         <name>_InitZone6</name>
         <value>0x33c10f</value>
         <object_component_ref idref="oc-201"/>
      </symbol>
      <symbol id="sm-36c">
         <name>_InitZone0</name>
         <value>0x33c136</value>
         <object_component_ref idref="oc-201"/>
      </symbol>
      <symbol id="sm-36d">
         <name>_InitXintf</name>
         <value>0x33c15d</value>
         <object_component_ref idref="oc-201"/>
      </symbol>
      <symbol id="sm-36e">
         <name>_ConfigureXTIMING</name>
         <value>0x33c081</value>
         <object_component_ref idref="oc-201"/>
      </symbol>
      <symbol id="sm-36f">
         <name>_InitXintf32Gpio</name>
         <value>0x33c17a</value>
         <object_component_ref idref="oc-201"/>
      </symbol>
      <symbol id="sm-37b">
         <name>_DSP28x_usDelay</name>
         <value>0x801b</value>
         <object_component_ref idref="oc-ff"/>
      </symbol>
      <symbol id="sm-392">
         <name>_swfifo_Out</name>
         <value>0x33ca18</value>
         <object_component_ref idref="oc-209"/>
      </symbol>
      <symbol id="sm-393">
         <name>_swfifo_In</name>
         <value>0x33c9dd</value>
         <object_component_ref idref="oc-209"/>
      </symbol>
      <symbol id="sm-394">
         <name>_swfifoReset</name>
         <value>0x33c9d1</value>
         <object_component_ref idref="oc-209"/>
      </symbol>
      <symbol id="sm-395">
         <name>_swfifo_IsFull</name>
         <value>0x33ca51</value>
         <object_component_ref idref="oc-209"/>
      </symbol>
      <symbol id="sm-396">
         <name>_swfifo_IsEmpty</name>
         <value>0x33ca47</value>
         <object_component_ref idref="oc-209"/>
      </symbol>
      <symbol id="sm-3b1">
         <name>_protocol</name>
         <value>0x33cc4c</value>
         <object_component_ref idref="oc-204"/>
      </symbol>
      <symbol id="sm-3b2">
         <name>_check_prm</name>
         <value>0x33cc3a</value>
         <object_component_ref idref="oc-204"/>
      </symbol>
      <symbol id="sm-3c3">
         <name>_senddata</name>
         <value>0x33cdfc</value>
         <object_component_ref idref="oc-205"/>
      </symbol>
      <symbol id="sm-3e0">
         <name>_Init_Kernel</name>
         <value>0x33c80c</value>
         <object_component_ref idref="oc-1de"/>
      </symbol>
      <symbol id="sm-3e1">
         <name>_Run_Kernel</name>
         <value>0x33c84f</value>
         <object_component_ref idref="oc-1de"/>
      </symbol>
      <symbol id="sm-3e2">
         <name>_kernel</name>
         <value>0xca00</value>
         <object_component_ref idref="oc-116"/>
      </symbol>
      <symbol id="sm-3e3">
         <name>_Approximate</name>
         <value>0x33c7f4</value>
         <object_component_ref idref="oc-1de"/>
      </symbol>
      <symbol id="sm-40b">
         <name>_Decouple_Axis</name>
         <value>0x33c7c3</value>
         <object_component_ref idref="oc-206"/>
      </symbol>
      <symbol id="sm-630">
         <name>_pKernelC</name>
         <value>0xc848</value>
         <object_component_ref idref="oc-121"/>
      </symbol>
      <symbol id="sm-631">
         <name>_Stop_CRDmode</name>
         <value>0x33a742</value>
         <object_component_ref idref="oc-1e7"/>
      </symbol>
      <symbol id="sm-632">
         <name>_Run_CRDmode</name>
         <value>0x33a666</value>
         <object_component_ref idref="oc-1e7"/>
      </symbol>
      <symbol id="sm-633">
         <name>_crdprm</name>
         <value>0xc858</value>
         <object_component_ref idref="oc-121"/>
      </symbol>
      <symbol id="sm-634">
         <name>_Prep_CRDmode</name>
         <value>0x339bb3</value>
         <object_component_ref idref="oc-1e7"/>
      </symbol>
      <symbol id="sm-635">
         <name>_Decouple_CRDmode</name>
         <value>0x338f45</value>
         <object_component_ref idref="oc-1e7"/>
      </symbol>
      <symbol id="sm-636">
         <name>_Init_Crd_Kernel</name>
         <value>0x338000</value>
         <object_component_ref idref="oc-1e7"/>
      </symbol>
      <symbol id="sm-637">
         <name>_crdfifo</name>
         <value>0x118000</value>
         <object_component_ref idref="oc-122"/>
      </symbol>
      <symbol id="sm-638">
         <name>_Stop_LINE</name>
         <value>0x33a741</value>
         <object_component_ref idref="oc-1e7"/>
      </symbol>
      <symbol id="sm-66b">
         <name>_Run_JOGmode</name>
         <value>0x33b92b</value>
         <object_component_ref idref="oc-1e5"/>
      </symbol>
      <symbol id="sm-66c">
         <name>_Decouple_JOGmode</name>
         <value>0x33b8fe</value>
         <object_component_ref idref="oc-1e5"/>
      </symbol>
      <symbol id="sm-66d">
         <name>_Prep_JOGmode</name>
         <value>0x33b837</value>
         <object_component_ref idref="oc-1e5"/>
      </symbol>
      <symbol id="sm-6db">
         <name>_Decouple_PPmode</name>
         <value>0x33abb3</value>
         <object_component_ref idref="oc-1e4"/>
      </symbol>
      <symbol id="sm-6dc">
         <name>_pjkernel</name>
         <value>0xc600</value>
         <object_component_ref idref="oc-12d"/>
      </symbol>
      <symbol id="sm-6dd">
         <name>_Prep_PPmode</name>
         <value>0x33a939</value>
         <object_component_ref idref="oc-1e4"/>
      </symbol>
      <symbol id="sm-6de">
         <name>_Run_PPmode</name>
         <value>0x33ac1d</value>
         <object_component_ref idref="oc-1e4"/>
      </symbol>
      <symbol id="sm-6df">
         <name>_Init_PP_JOG_Kernel</name>
         <value>0x33a746</value>
         <object_component_ref idref="oc-1e4"/>
      </symbol>
      <symbol id="sm-766">
         <name>_Run_PTmode</name>
         <value>0x33b2f7</value>
         <object_component_ref idref="oc-1e6"/>
      </symbol>
      <symbol id="sm-767">
         <name>_Init_PT_Kernel</name>
         <value>0x33aecc</value>
         <object_component_ref idref="oc-1e6"/>
      </symbol>
      <symbol id="sm-768">
         <name>_ptfifo</name>
         <value>0x100000</value>
         <object_component_ref idref="oc-135"/>
      </symbol>
      <symbol id="sm-769">
         <name>_PTCOUNT</name>
         <value>0xc740</value>
         <object_component_ref idref="oc-134"/>
      </symbol>
      <symbol id="sm-76a">
         <name>_Decouple_PTmode</name>
         <value>0x33b299</value>
         <object_component_ref idref="oc-1e6"/>
      </symbol>
      <symbol id="sm-76b">
         <name>_Prep_PTmode</name>
         <value>0x33b10d</value>
         <object_component_ref idref="oc-1e6"/>
      </symbol>
      <symbol id="sm-7a5">
         <name>_Run_STOPmode</name>
         <value>0x33bbe5</value>
         <object_component_ref idref="oc-1e8"/>
      </symbol>
      <symbol id="sm-7a6">
         <name>_Decouple_STOPmode</name>
         <value>0x33bbb8</value>
         <object_component_ref idref="oc-1e8"/>
      </symbol>
      <symbol id="sm-7a7">
         <name>_Prep_STOPmode</name>
         <value>0x33badf</value>
         <object_component_ref idref="oc-1e8"/>
      </symbol>
      <symbol id="sm-7a8">
         <name>_Init_Stop_Kernel</name>
         <value>0x33ba1d</value>
         <object_component_ref idref="oc-1e8"/>
      </symbol>
      <symbol id="sm-7b9">
         <name>_ExioRegs</name>
         <value>0x4300</value>
         <object_component_ref idref="oc-146"/>
      </symbol>
      <symbol id="sm-7cc">
         <name>_FlashSST39_ChipErase</name>
         <value>0x33c273</value>
         <object_component_ref idref="oc-202"/>
      </symbol>
      <symbol id="sm-7cd">
         <name>_FlashSST39_Wait</name>
         <value>0x33c310</value>
         <object_component_ref idref="oc-202"/>
      </symbol>
      <symbol id="sm-7ce">
         <name>_flashSST39</name>
         <value>0xc26c</value>
         <object_component_ref idref="oc-149"/>
      </symbol>
      <symbol id="sm-7cf">
         <name>_FlashSST39_Reset</name>
         <value>0x33c228</value>
         <object_component_ref idref="oc-202"/>
      </symbol>
      <symbol id="sm-7d0">
         <name>_FlashSST39_ReadId</name>
         <value>0x33c241</value>
         <object_component_ref idref="oc-202"/>
      </symbol>
      <symbol id="sm-7d1">
         <name>_FlashSST39_Write</name>
         <value>0x33c2f3</value>
         <object_component_ref idref="oc-202"/>
      </symbol>
      <symbol id="sm-7d2">
         <name>_FlashSST39_BlockErase</name>
         <value>0x33c2c4</value>
         <object_component_ref idref="oc-202"/>
      </symbol>
      <symbol id="sm-7d3">
         <name>_FlashSST39_SectorErase</name>
         <value>0x33c296</value>
         <object_component_ref idref="oc-202"/>
      </symbol>
      <symbol id="sm-7d4">
         <name>_EXTFLASH</name>
         <value>0x200000</value>
         <object_component_ref idref="oc-14a"/>
      </symbol>
      <symbol id="sm-7d5">
         <name>_FlashSST39_Test</name>
         <value>0x33c32b</value>
         <object_component_ref idref="oc-202"/>
      </symbol>
      <symbol id="sm-7d6">
         <name>_FlashSST39_Init</name>
         <value>0x33c21b</value>
         <object_component_ref idref="oc-202"/>
      </symbol>
      <symbol id="sm-7e9">
         <name>_spia_tx_isr</name>
         <value>0x33c921</value>
         <object_component_ref idref="oc-152"/>
      </symbol>
      <symbol id="sm-7ea">
         <name>_spia_rx_isr</name>
         <value>0x33c8c4</value>
         <object_component_ref idref="oc-152"/>
      </symbol>
      <symbol id="sm-7eb">
         <name>_cpu_timer0_isr</name>
         <value>0x33c893</value>
         <object_component_ref idref="oc-152"/>
      </symbol>
      <symbol id="sm-7ec">
         <name>_SPI_COUNT</name>
         <value>0xc274</value>
         <object_component_ref idref="oc-151"/>
      </symbol>
      <symbol id="sm-804">
         <name>_Init_LED</name>
         <value>0x33cbd2</value>
         <object_component_ref idref="oc-203"/>
      </symbol>
      <symbol id="sm-805">
         <name>_Close_Led</name>
         <value>0x33cc16</value>
         <object_component_ref idref="oc-203"/>
      </symbol>
      <symbol id="sm-806">
         <name>_Open_Led</name>
         <value>0x33cbf2</value>
         <object_component_ref idref="oc-203"/>
      </symbol>
      <symbol id="sm-816">
         <name>_Init_Axis</name>
         <value>0x33c6b1</value>
         <object_component_ref idref="oc-1f0"/>
      </symbol>
      <symbol id="sm-817">
         <name>_MotorRegs</name>
         <value>0x4000</value>
         <object_component_ref idref="oc-15d"/>
      </symbol>
      <symbol id="sm-818">
         <name>_Init_Motor</name>
         <value>0x33c6cb</value>
         <object_component_ref idref="oc-1f0"/>
      </symbol>
      <symbol id="sm-819">
         <name>_Motor_Reset</name>
         <value>0x33c703</value>
         <object_component_ref idref="oc-1f0"/>
      </symbol>
      <symbol id="sm-81a">
         <name>_Motor_ServoOff</name>
         <value>0x33c6f6</value>
         <object_component_ref idref="oc-1f0"/>
      </symbol>
      <symbol id="sm-81b">
         <name>_Motor_ServoOn</name>
         <value>0x33c6e9</value>
         <object_component_ref idref="oc-1f0"/>
      </symbol>
      <symbol id="sm-81c">
         <name>_M_SetPvat</name>
         <value>0x33c724</value>
         <object_component_ref idref="oc-1f0"/>
      </symbol>
      <symbol id="sm-828">
         <name>_InitPeripherals</name>
         <value>0x33ce44</value>
         <object_component_ref idref="oc-1ea"/>
      </symbol>
      <symbol id="sm-83f">
         <name>_main</name>
         <value>0x33cfc7</value>
         <object_component_ref idref="oc-1e1"/>
      </symbol>
      <symbol id="sm-85f">
         <name>_runCmd</name>
         <value>0x33c987</value>
         <object_component_ref idref="oc-1ec"/>
      </symbol>
      <symbol id="sm-860">
         <name>_Init_Command</name>
         <value>0x33c932</value>
         <object_component_ref idref="oc-1ec"/>
      </symbol>
      <symbol id="sm-861">
         <name>_prepCmd</name>
         <value>0x33c93d</value>
         <object_component_ref idref="oc-1ec"/>
      </symbol>
      <symbol id="sm-878">
         <name>_decoupleCommand</name>
         <value>0x33cdd9</value>
         <object_component_ref idref="oc-1eb"/>
      </symbol>
      <symbol id="sm-879">
         <name>_checkNewCommand</name>
         <value>0x33cdb1</value>
         <object_component_ref idref="oc-1eb"/>
      </symbol>
      <symbol id="sm-87a">
         <name>_GCC</name>
         <value>0xc002</value>
         <object_component_ref idref="oc-178"/>
      </symbol>
      <symbol id="sm-87b">
         <name>_cmd</name>
         <value>0xc040</value>
         <object_component_ref idref="oc-178"/>
      </symbol>
      <symbol id="sm-87c">
         <name>_GGCC</name>
         <value>0xc001</value>
         <object_component_ref idref="oc-178"/>
      </symbol>
      <symbol id="sm-8ab">
         <name>_atan2f</name>
         <value>0x33c452</value>
         <object_component_ref idref="oc-1f2"/>
      </symbol>
      <symbol id="sm-8ac">
         <name>_atan2</name>
         <value>0x33c452</value>
         <object_component_ref idref="oc-1f2"/>
      </symbol>
      <symbol id="sm-8bc">
         <name>_sqrtf</name>
         <value>0x33cece</value>
         <object_component_ref idref="oc-1ef"/>
      </symbol>
      <symbol id="sm-8bd">
         <name>_sqrt</name>
         <value>0x33cece</value>
         <object_component_ref idref="oc-1ef"/>
      </symbol>
      <symbol id="sm-8e2">
         <name>_atan</name>
         <value>0x33c526</value>
         <object_component_ref idref="oc-207"/>
      </symbol>
      <symbol id="sm-8e3">
         <name>_atanf</name>
         <value>0x33c526</value>
         <object_component_ref idref="oc-207"/>
      </symbol>
      <symbol id="sm-8f1">
         <name>_cos</name>
         <value>0x33cca2</value>
         <object_component_ref idref="oc-1f4"/>
      </symbol>
      <symbol id="sm-8f2">
         <name>_cosf</name>
         <value>0x33cca2</value>
         <object_component_ref idref="oc-1f4"/>
      </symbol>
      <symbol id="sm-8ff">
         <name>_sin</name>
         <value>0x33cd03</value>
         <object_component_ref idref="oc-1f5"/>
      </symbol>
      <symbol id="sm-900">
         <name>_sinf</name>
         <value>0x33cd03</value>
         <object_component_ref idref="oc-1f5"/>
      </symbol>
      <symbol id="sm-91b">
         <name>_c_int00</name>
         <value>0x33cd5b</value>
         <object_component_ref idref="oc-51"/>
      </symbol>
      <symbol id="sm-91c">
         <name>__stack</name>
         <value>0xd000</value>
         <object_component_ref idref="oc-198"/>
      </symbol>
      <symbol id="sm-92d">
         <name>FS$$DIV</name>
         <value>0x33ca5f</value>
         <object_component_ref idref="oc-19e"/>
      </symbol>
      <symbol id="sm-93b">
         <name>I$$MOD</name>
         <value>0x33cf4c</value>
         <object_component_ref idref="oc-1a3"/>
      </symbol>
      <symbol id="sm-93c">
         <name>I$$DIV</name>
         <value>0x33cf3b</value>
         <object_component_ref idref="oc-1a3"/>
      </symbol>
      <symbol id="sm-94b">
         <name>_copy_in</name>
         <value>0x33cef4</value>
         <object_component_ref idref="oc-1da"/>
      </symbol>
      <symbol id="sm-95c">
         <name>_memcpy</name>
         <value>0x33cf7d</value>
         <object_component_ref idref="oc-1e0"/>
      </symbol>
      <symbol id="sm-968">
         <name>__system_pre_init</name>
         <value>0x33cff2</value>
         <object_component_ref idref="oc-1d9"/>
      </symbol>
      <symbol id="sm-975">
         <name>__system_post_cinit</name>
         <value>0x33cecd</value>
         <object_component_ref idref="oc-1db"/>
      </symbol>
      <symbol id="sm-97f">
         <name>_errno</name>
         <value>0xc26f</value>
         <object_component_ref idref="oc-1be"/>
      </symbol>
      <symbol id="sm-993">
         <name>C$$EXIT</name>
         <value>0x33ce7c</value>
         <object_component_ref idref="oc-1dd"/>
      </symbol>
      <symbol id="sm-994">
         <name>_exit</name>
         <value>0x33ce7e</value>
         <object_component_ref idref="oc-1dd"/>
      </symbol>
      <symbol id="sm-995">
         <name>___TI_cleanup_ptr</name>
         <value>0xc268</value>
         <object_component_ref idref="oc-1c2"/>
      </symbol>
      <symbol id="sm-996">
         <name>___TI_enable_exit_profile_output</name>
         <value>0xc266</value>
         <object_component_ref idref="oc-1c2"/>
      </symbol>
      <symbol id="sm-997">
         <name>_abort</name>
         <value>0x33ce7c</value>
         <object_component_ref idref="oc-1dd"/>
      </symbol>
      <symbol id="sm-998">
         <name>___TI_dtors_ptr</name>
         <value>0xc26a</value>
         <object_component_ref idref="oc-1c2"/>
      </symbol>
      <symbol id="sm-9df">
         <name>__sys_memory</name>
         <value>0x400</value>
         <object_component_ref idref="oc-1ca"/>
      </symbol>
      <symbol id="sm-9e0">
         <name>_chkheap</name>
         <value>0x33c068</value>
         <object_component_ref idref="oc-1e9"/>
      </symbol>
      <symbol id="sm-9e1">
         <name>_realloc</name>
         <value>0x33bf76</value>
         <object_component_ref idref="oc-1e9"/>
      </symbol>
      <symbol id="sm-9e2">
         <name>_free_memory</name>
         <value>0x33c04a</value>
         <object_component_ref idref="oc-1e9"/>
      </symbol>
      <symbol id="sm-9e3">
         <name>_max_free</name>
         <value>0x33c028</value>
         <object_component_ref idref="oc-1e9"/>
      </symbol>
      <symbol id="sm-9e4">
         <name>_free</name>
         <value>0x33beaf</value>
         <object_component_ref idref="oc-1e9"/>
      </symbol>
      <symbol id="sm-9e5">
         <name>_calloc</name>
         <value>0x33c06a</value>
         <object_component_ref idref="oc-1e9"/>
      </symbol>
      <symbol id="sm-9e6">
         <name>_malloc</name>
         <value>0x33bf18</value>
         <object_component_ref idref="oc-1e9"/>
      </symbol>
      <symbol id="sm-9e7">
         <name>_minit</name>
         <value>0x33bef3</value>
         <object_component_ref idref="oc-1e9"/>
      </symbol>
      <symbol id="sm-9fb">
         <name>__unlock</name>
         <value>0xc272</value>
         <object_component_ref idref="oc-1f7"/>
      </symbol>
      <symbol id="sm-9fc">
         <name>__lock</name>
         <value>0xc270</value>
         <object_component_ref idref="oc-1e2"/>
      </symbol>
      <symbol id="sm-9fd">
         <name>__register_lock</name>
         <value>0x33cfdb</value>
         <object_component_ref idref="oc-1ed"/>
      </symbol>
      <symbol id="sm-9fe">
         <name>__nop</name>
         <value>0x33cfdf</value>
         <object_component_ref idref="oc-1ed"/>
      </symbol>
      <symbol id="sm-9ff">
         <name>__register_unlock</name>
         <value>0x33cfd7</value>
         <object_component_ref idref="oc-1ed"/>
      </symbol>
      <symbol id="sm-a0e">
         <name>__args_main</name>
         <value>0x33cf9b</value>
         <object_component_ref idref="oc-1dc"/>
      </symbol>
   </symbol_table>
   <title>Link successful</title>
</link_info>
