<?xml version="1.0" encoding="ISO-8859-1" ?>
<link_info>
   <banner>TMS320C2000 Linker PC v18.1.1.LTS</banner>
   <copyright>Copyright (c) 1996-2017 Texas Instruments Incorporated</copyright>
   <link_time>0x5bc9ce28</link_time>
   <link_errors>0x0</link_errors>
   <output_file>SPI20180917.out</output_file>
   <entry_point>
      <name>_c_int00</name>
      <address>0x33c99b</address>
   </entry_point>
   <input_file_list>
      <input_file id="fl-2">
         <path>.\peripherals\</path>
         <kind>object</kind>
         <file>CircleBuffer.obj</file>
         <name>CircleBuffer.obj</name>
      </input_file>
      <input_file id="fl-3">
         <path>.\peripherals\</path>
         <kind>object</kind>
         <file>DSP2833x_ADC_cal.obj</file>
         <name>DSP2833x_ADC_cal.obj</name>
      </input_file>
      <input_file id="fl-4">
         <path>.\peripherals\</path>
         <kind>object</kind>
         <file>DSP2833x_Adc.obj</file>
         <name>DSP2833x_Adc.obj</name>
      </input_file>
      <input_file id="fl-5">
         <path>.\peripherals\</path>
         <kind>object</kind>
         <file>DSP2833x_CSMPasswords.obj</file>
         <name>DSP2833x_CSMPasswords.obj</name>
      </input_file>
      <input_file id="fl-6">
         <path>.\peripherals\</path>
         <kind>object</kind>
         <file>DSP2833x_CodeStartBranch.obj</file>
         <name>DSP2833x_CodeStartBranch.obj</name>
      </input_file>
      <input_file id="fl-7">
         <path>.\peripherals\</path>
         <kind>object</kind>
         <file>DSP2833x_CpuTimers.obj</file>
         <name>DSP2833x_CpuTimers.obj</name>
      </input_file>
      <input_file id="fl-8">
         <path>.\peripherals\</path>
         <kind>object</kind>
         <file>DSP2833x_DBGIER.obj</file>
         <name>DSP2833x_DBGIER.obj</name>
      </input_file>
      <input_file id="fl-9">
         <path>.\peripherals\</path>
         <kind>object</kind>
         <file>DSP2833x_DMA.obj</file>
         <name>DSP2833x_DMA.obj</name>
      </input_file>
      <input_file id="fl-a">
         <path>.\peripherals\</path>
         <kind>object</kind>
         <file>DSP2833x_DefaultIsr.obj</file>
         <name>DSP2833x_DefaultIsr.obj</name>
      </input_file>
      <input_file id="fl-b">
         <path>.\peripherals\</path>
         <kind>object</kind>
         <file>DSP2833x_DisInt.obj</file>
         <name>DSP2833x_DisInt.obj</name>
      </input_file>
      <input_file id="fl-c">
         <path>.\peripherals\</path>
         <kind>object</kind>
         <file>DSP2833x_ECan.obj</file>
         <name>DSP2833x_ECan.obj</name>
      </input_file>
      <input_file id="fl-d">
         <path>.\peripherals\</path>
         <kind>object</kind>
         <file>DSP2833x_ECap.obj</file>
         <name>DSP2833x_ECap.obj</name>
      </input_file>
      <input_file id="fl-e">
         <path>.\peripherals\</path>
         <kind>object</kind>
         <file>DSP2833x_EPwm.obj</file>
         <name>DSP2833x_EPwm.obj</name>
      </input_file>
      <input_file id="fl-f">
         <path>.\peripherals\</path>
         <kind>object</kind>
         <file>DSP2833x_EQep.obj</file>
         <name>DSP2833x_EQep.obj</name>
      </input_file>
      <input_file id="fl-10">
         <path>.\peripherals\</path>
         <kind>object</kind>
         <file>DSP2833x_GlobalVariableDefs.obj</file>
         <name>DSP2833x_GlobalVariableDefs.obj</name>
      </input_file>
      <input_file id="fl-11">
         <path>.\peripherals\</path>
         <kind>object</kind>
         <file>DSP2833x_Gpio.obj</file>
         <name>DSP2833x_Gpio.obj</name>
      </input_file>
      <input_file id="fl-12">
         <path>.\peripherals\</path>
         <kind>object</kind>
         <file>DSP2833x_I2C.obj</file>
         <name>DSP2833x_I2C.obj</name>
      </input_file>
      <input_file id="fl-13">
         <path>.\peripherals\</path>
         <kind>object</kind>
         <file>DSP2833x_Mcbsp.obj</file>
         <name>DSP2833x_Mcbsp.obj</name>
      </input_file>
      <input_file id="fl-14">
         <path>.\peripherals\</path>
         <kind>object</kind>
         <file>DSP2833x_MemCopy.obj</file>
         <name>DSP2833x_MemCopy.obj</name>
      </input_file>
      <input_file id="fl-15">
         <path>.\peripherals\</path>
         <kind>object</kind>
         <file>DSP2833x_PieCtrl.obj</file>
         <name>DSP2833x_PieCtrl.obj</name>
      </input_file>
      <input_file id="fl-16">
         <path>.\peripherals\</path>
         <kind>object</kind>
         <file>DSP2833x_PieVect.obj</file>
         <name>DSP2833x_PieVect.obj</name>
      </input_file>
      <input_file id="fl-17">
         <path>.\peripherals\</path>
         <kind>object</kind>
         <file>DSP2833x_Sci.obj</file>
         <name>DSP2833x_Sci.obj</name>
      </input_file>
      <input_file id="fl-18">
         <path>.\peripherals\</path>
         <kind>object</kind>
         <file>DSP2833x_Spi.obj</file>
         <name>DSP2833x_Spi.obj</name>
      </input_file>
      <input_file id="fl-19">
         <path>.\peripherals\</path>
         <kind>object</kind>
         <file>DSP2833x_SysCtrl.obj</file>
         <name>DSP2833x_SysCtrl.obj</name>
      </input_file>
      <input_file id="fl-1a">
         <path>.\peripherals\</path>
         <kind>object</kind>
         <file>DSP2833x_Xintf.obj</file>
         <name>DSP2833x_Xintf.obj</name>
      </input_file>
      <input_file id="fl-1b">
         <path>.\peripherals\</path>
         <kind>object</kind>
         <file>DSP2833x_usDelay.obj</file>
         <name>DSP2833x_usDelay.obj</name>
      </input_file>
      <input_file id="fl-1c">
         <path>.\peripherals\</path>
         <kind>object</kind>
         <file>swfifo.obj</file>
         <name>swfifo.obj</name>
      </input_file>
      <input_file id="fl-1d">
         <path>.\src\Communication\arm-dsp\</path>
         <kind>object</kind>
         <file>protocol.obj</file>
         <name>protocol.obj</name>
      </input_file>
      <input_file id="fl-1e">
         <path>.\src\Communication\dsp-arm\</path>
         <kind>object</kind>
         <file>senddata.obj</file>
         <name>senddata.obj</name>
      </input_file>
      <input_file id="fl-1f">
         <path>.\src\Control\Kernel\</path>
         <kind>object</kind>
         <file>interpolate.obj</file>
         <name>interpolate.obj</name>
      </input_file>
      <input_file id="fl-20">
         <path>.\src\Control\MotionMode\</path>
         <kind>object</kind>
         <file>Crdmode.obj</file>
         <name>Crdmode.obj</name>
      </input_file>
      <input_file id="fl-21">
         <path>.\src\Control\MotionMode\</path>
         <kind>object</kind>
         <file>JOGmode.obj</file>
         <name>JOGmode.obj</name>
      </input_file>
      <input_file id="fl-22">
         <path>.\src\Control\MotionMode\</path>
         <kind>object</kind>
         <file>PPmode.obj</file>
         <name>PPmode.obj</name>
      </input_file>
      <input_file id="fl-23">
         <path>.\src\Control\MotionMode\</path>
         <kind>object</kind>
         <file>PTmode.obj</file>
         <name>PTmode.obj</name>
      </input_file>
      <input_file id="fl-24">
         <path>.\src\Control\MotionMode\</path>
         <kind>object</kind>
         <file>STOPmode.obj</file>
         <name>STOPmode.obj</name>
      </input_file>
      <input_file id="fl-25">
         <path>.\src\Device\myADDA\</path>
         <kind>object</kind>
         <file>AD_DA.obj</file>
         <name>AD_DA.obj</name>
      </input_file>
      <input_file id="fl-26">
         <path>.\src\Device\myEXIO\</path>
         <kind>object</kind>
         <file>EXIO.obj</file>
         <name>EXIO.obj</name>
      </input_file>
      <input_file id="fl-27">
         <path>.\src\Device\myFlash\</path>
         <kind>object</kind>
         <file>SST39VF800A.obj</file>
         <name>SST39VF800A.obj</name>
      </input_file>
      <input_file id="fl-28">
         <path>.\src\Device\myIsr\</path>
         <kind>object</kind>
         <file>myIsr.obj</file>
         <name>myIsr.obj</name>
      </input_file>
      <input_file id="fl-29">
         <path>.\src\Device\myMotors\</path>
         <kind>object</kind>
         <file>mymotors.obj</file>
         <name>mymotors.obj</name>
      </input_file>
      <input_file id="fl-2a">
         <path>.\src\Device\myPeripherals\</path>
         <kind>object</kind>
         <file>myPeripherals.obj</file>
         <name>myPeripherals.obj</name>
      </input_file>
      <input_file id="fl-2b">
         <path>.\src\Device\myPeripherals\</path>
         <kind>object</kind>
         <file>testMyPeripherals.obj</file>
         <name>testMyPeripherals.obj</name>
      </input_file>
      <input_file id="fl-2c">
         <path>.\src\Kernal\</path>
         <kind>object</kind>
         <file>main.obj</file>
         <name>main.obj</name>
      </input_file>
      <input_file id="fl-2d">
         <path>.\src\Task\</path>
         <kind>object</kind>
         <file>taskAnalysis.obj</file>
         <name>taskAnalysis.obj</name>
      </input_file>
      <input_file id="fl-2e">
         <path>.\src\Task\</path>
         <kind>object</kind>
         <file>taskComm.obj</file>
         <name>taskComm.obj</name>
      </input_file>
      <input_file id="fl-34">
         <kind>object</kind>
         <file>&lt;internal&gt;</file>
         <name>&lt;internal&gt;</name>
      </input_file>
      <input_file id="fl-40">
         <path>G:\Program Files Use\Ti\ccsv8\tools\compiler\ti-cgt-c2000_18.1.1.LTS\lib\</path>
         <kind>archive</kind>
         <file>rts2800_fpu32.lib</file>
         <name>e_atan2f.c.obj</name>
      </input_file>
      <input_file id="fl-41">
         <path>G:\Program Files Use\Ti\ccsv8\tools\compiler\ti-cgt-c2000_18.1.1.LTS\lib\</path>
         <kind>archive</kind>
         <file>rts2800_fpu32.lib</file>
         <name>e_sqrtf.c.obj</name>
      </input_file>
      <input_file id="fl-42">
         <path>G:\Program Files Use\Ti\ccsv8\tools\compiler\ti-cgt-c2000_18.1.1.LTS\lib\</path>
         <kind>archive</kind>
         <file>rts2800_fpu32.lib</file>
         <name>s_atanf.c.obj</name>
      </input_file>
      <input_file id="fl-43">
         <path>G:\Program Files Use\Ti\ccsv8\tools\compiler\ti-cgt-c2000_18.1.1.LTS\lib\</path>
         <kind>archive</kind>
         <file>rts2800_fpu32.lib</file>
         <name>s_cosf.c.obj</name>
      </input_file>
      <input_file id="fl-44">
         <path>G:\Program Files Use\Ti\ccsv8\tools\compiler\ti-cgt-c2000_18.1.1.LTS\lib\</path>
         <kind>archive</kind>
         <file>rts2800_fpu32.lib</file>
         <name>s_sinf.c.obj</name>
      </input_file>
      <input_file id="fl-45">
         <path>G:\Program Files Use\Ti\ccsv8\tools\compiler\ti-cgt-c2000_18.1.1.LTS\lib\</path>
         <kind>archive</kind>
         <file>rts2800_fpu32.lib</file>
         <name>boot28.asm.obj</name>
      </input_file>
      <input_file id="fl-46">
         <path>G:\Program Files Use\Ti\ccsv8\tools\compiler\ti-cgt-c2000_18.1.1.LTS\lib\</path>
         <kind>archive</kind>
         <file>rts2800_fpu32.lib</file>
         <name>fs_div28.asm.obj</name>
      </input_file>
      <input_file id="fl-47">
         <path>G:\Program Files Use\Ti\ccsv8\tools\compiler\ti-cgt-c2000_18.1.1.LTS\lib\</path>
         <kind>archive</kind>
         <file>rts2800_fpu32.lib</file>
         <name>i_div28.asm.obj</name>
      </input_file>
      <input_file id="fl-48">
         <path>G:\Program Files Use\Ti\ccsv8\tools\compiler\ti-cgt-c2000_18.1.1.LTS\lib\</path>
         <kind>archive</kind>
         <file>rts2800_fpu32.lib</file>
         <name>l_div28.asm.obj</name>
      </input_file>
      <input_file id="fl-49">
         <path>G:\Program Files Use\Ti\ccsv8\tools\compiler\ti-cgt-c2000_18.1.1.LTS\lib\</path>
         <kind>archive</kind>
         <file>rts2800_fpu32.lib</file>
         <name>cpy_tbl.c.obj</name>
      </input_file>
      <input_file id="fl-4a">
         <path>G:\Program Files Use\Ti\ccsv8\tools\compiler\ti-cgt-c2000_18.1.1.LTS\lib\</path>
         <kind>archive</kind>
         <file>rts2800_fpu32.lib</file>
         <name>memcpy.c.obj</name>
      </input_file>
      <input_file id="fl-4b">
         <path>G:\Program Files Use\Ti\ccsv8\tools\compiler\ti-cgt-c2000_18.1.1.LTS\lib\</path>
         <kind>archive</kind>
         <file>rts2800_fpu32.lib</file>
         <name>pre_init.c.obj</name>
      </input_file>
      <input_file id="fl-4c">
         <path>G:\Program Files Use\Ti\ccsv8\tools\compiler\ti-cgt-c2000_18.1.1.LTS\lib\</path>
         <kind>archive</kind>
         <file>rts2800_fpu32.lib</file>
         <name>startup.c.obj</name>
      </input_file>
      <input_file id="fl-4d">
         <path>G:\Program Files Use\Ti\ccsv8\tools\compiler\ti-cgt-c2000_18.1.1.LTS\lib\</path>
         <kind>archive</kind>
         <file>rts2800_fpu32.lib</file>
         <name>errno.c.obj</name>
      </input_file>
      <input_file id="fl-4e">
         <path>G:\Program Files Use\Ti\ccsv8\tools\compiler\ti-cgt-c2000_18.1.1.LTS\lib\</path>
         <kind>archive</kind>
         <file>rts2800_fpu32.lib</file>
         <name>exit.c.obj</name>
      </input_file>
      <input_file id="fl-4f">
         <path>G:\Program Files Use\Ti\ccsv8\tools\compiler\ti-cgt-c2000_18.1.1.LTS\lib\</path>
         <kind>archive</kind>
         <file>rts2800_fpu32.lib</file>
         <name>memory.c.obj</name>
      </input_file>
      <input_file id="fl-50">
         <path>G:\Program Files Use\Ti\ccsv8\tools\compiler\ti-cgt-c2000_18.1.1.LTS\lib\</path>
         <kind>archive</kind>
         <file>rts2800_fpu32.lib</file>
         <name>_lock.c.obj</name>
      </input_file>
      <input_file id="fl-51">
         <path>G:\Program Files Use\Ti\ccsv8\tools\compiler\ti-cgt-c2000_18.1.1.LTS\lib\</path>
         <kind>archive</kind>
         <file>rts2800_fpu32.lib</file>
         <name>args_main.c.obj</name>
      </input_file>
   </input_file_list>
   <object_component_list>
      <object_component id="oc-ca">
         <name>PieVectTableFile</name>
         <uninitialized>true</uninitialized>
         <run_address>0xd00</run_address>
         <size>0x100</size>
         <input_file_ref idref="fl-10"/>
      </object_component>
      <object_component id="oc-c6">
         <name>DevEmuRegsFile</name>
         <uninitialized>true</uninitialized>
         <run_address>0x880</run_address>
         <size>0xd0</size>
         <input_file_ref idref="fl-10"/>
      </object_component>
      <object_component id="oc-9c">
         <name>FlashRegsFile</name>
         <uninitialized>true</uninitialized>
         <run_address>0xa80</run_address>
         <size>0x8</size>
         <input_file_ref idref="fl-10"/>
      </object_component>
      <object_component id="oc-a6">
         <name>CsmRegsFile</name>
         <uninitialized>true</uninitialized>
         <run_address>0xae0</run_address>
         <size>0x10</size>
         <input_file_ref idref="fl-10"/>
      </object_component>
      <object_component id="oc-a5">
         <name>AdcMirrorFile</name>
         <uninitialized>true</uninitialized>
         <run_address>0xb00</run_address>
         <size>0x10</size>
         <input_file_ref idref="fl-10"/>
      </object_component>
      <object_component id="oc-a9">
         <name>XintfRegsFile</name>
         <uninitialized>true</uninitialized>
         <run_address>0xb20</run_address>
         <size>0x1e</size>
         <input_file_ref idref="fl-10"/>
      </object_component>
      <object_component id="oc-9d">
         <name>CpuTimer0RegsFile</name>
         <uninitialized>true</uninitialized>
         <run_address>0xc00</run_address>
         <size>0x8</size>
         <input_file_ref idref="fl-10"/>
      </object_component>
      <object_component id="oc-9b">
         <name>CpuTimer1RegsFile</name>
         <uninitialized>true</uninitialized>
         <run_address>0xc08</run_address>
         <size>0x8</size>
         <input_file_ref idref="fl-10"/>
      </object_component>
      <object_component id="oc-9a">
         <name>CpuTimer2RegsFile</name>
         <uninitialized>true</uninitialized>
         <run_address>0xc10</run_address>
         <size>0x8</size>
         <input_file_ref idref="fl-10"/>
      </object_component>
      <object_component id="oc-a7">
         <name>PieCtrlRegsFile</name>
         <uninitialized>true</uninitialized>
         <run_address>0xce0</run_address>
         <size>0x1a</size>
         <input_file_ref idref="fl-10"/>
      </object_component>
      <object_component id="oc-c7">
         <name>DmaRegsFile</name>
         <uninitialized>true</uninitialized>
         <run_address>0x1000</run_address>
         <size>0xe0</size>
         <input_file_ref idref="fl-10"/>
      </object_component>
      <object_component id="oc-b9">
         <name>McbspaRegsFile</name>
         <uninitialized>true</uninitialized>
         <run_address>0x5000</run_address>
         <size>0x25</size>
         <input_file_ref idref="fl-10"/>
      </object_component>
      <object_component id="oc-ba">
         <name>McbspbRegsFile</name>
         <uninitialized>true</uninitialized>
         <run_address>0x5040</run_address>
         <size>0x25</size>
         <input_file_ref idref="fl-10"/>
      </object_component>
      <object_component id="oc-bd">
         <name>ECanaRegsFile</name>
         <uninitialized>true</uninitialized>
         <run_address>0x6000</run_address>
         <size>0x34</size>
         <input_file_ref idref="fl-10"/>
      </object_component>
      <object_component id="oc-c0">
         <name>ECanaLAMRegsFile</name>
         <uninitialized>true</uninitialized>
         <run_address>0x6040</run_address>
         <size>0x40</size>
         <input_file_ref idref="fl-10"/>
      </object_component>
      <object_component id="oc-c9">
         <name>ECanaMboxesFile</name>
         <uninitialized>true</uninitialized>
         <run_address>0x6100</run_address>
         <size>0x100</size>
         <input_file_ref idref="fl-10"/>
      </object_component>
      <object_component id="oc-c1">
         <name>ECanaMOTSRegsFile</name>
         <uninitialized>true</uninitialized>
         <run_address>0x6080</run_address>
         <size>0x40</size>
         <input_file_ref idref="fl-10"/>
      </object_component>
      <object_component id="oc-be">
         <name>ECanaMOTORegsFile</name>
         <uninitialized>true</uninitialized>
         <run_address>0x60c0</run_address>
         <size>0x40</size>
         <input_file_ref idref="fl-10"/>
      </object_component>
      <object_component id="oc-bc">
         <name>ECanbRegsFile</name>
         <uninitialized>true</uninitialized>
         <run_address>0x6200</run_address>
         <size>0x34</size>
         <input_file_ref idref="fl-10"/>
      </object_component>
      <object_component id="oc-c4">
         <name>ECanbLAMRegsFile</name>
         <uninitialized>true</uninitialized>
         <run_address>0x6240</run_address>
         <size>0x40</size>
         <input_file_ref idref="fl-10"/>
      </object_component>
      <object_component id="oc-c8">
         <name>ECanbMboxesFile</name>
         <uninitialized>true</uninitialized>
         <run_address>0x6300</run_address>
         <size>0x100</size>
         <input_file_ref idref="fl-10"/>
      </object_component>
      <object_component id="oc-bf">
         <name>ECanbMOTSRegsFile</name>
         <uninitialized>true</uninitialized>
         <run_address>0x6280</run_address>
         <size>0x40</size>
         <input_file_ref idref="fl-10"/>
      </object_component>
      <object_component id="oc-c2">
         <name>ECanbMOTORegsFile</name>
         <uninitialized>true</uninitialized>
         <run_address>0x62c0</run_address>
         <size>0x40</size>
         <input_file_ref idref="fl-10"/>
      </object_component>
      <object_component id="oc-b4">
         <name>EPwm1RegsFile</name>
         <uninitialized>true</uninitialized>
         <run_address>0x6800</run_address>
         <size>0x22</size>
         <input_file_ref idref="fl-10"/>
      </object_component>
      <object_component id="oc-b3">
         <name>EPwm2RegsFile</name>
         <uninitialized>true</uninitialized>
         <run_address>0x6840</run_address>
         <size>0x22</size>
         <input_file_ref idref="fl-10"/>
      </object_component>
      <object_component id="oc-b5">
         <name>EPwm3RegsFile</name>
         <uninitialized>true</uninitialized>
         <run_address>0x6880</run_address>
         <size>0x22</size>
         <input_file_ref idref="fl-10"/>
      </object_component>
      <object_component id="oc-b7">
         <name>EPwm4RegsFile</name>
         <uninitialized>true</uninitialized>
         <run_address>0x68c0</run_address>
         <size>0x22</size>
         <input_file_ref idref="fl-10"/>
      </object_component>
      <object_component id="oc-b6">
         <name>EPwm5RegsFile</name>
         <uninitialized>true</uninitialized>
         <run_address>0x6900</run_address>
         <size>0x22</size>
         <input_file_ref idref="fl-10"/>
      </object_component>
      <object_component id="oc-b8">
         <name>EPwm6RegsFile</name>
         <uninitialized>true</uninitialized>
         <run_address>0x6940</run_address>
         <size>0x22</size>
         <input_file_ref idref="fl-10"/>
      </object_component>
      <object_component id="oc-b0">
         <name>ECap1RegsFile</name>
         <uninitialized>true</uninitialized>
         <run_address>0x6a00</run_address>
         <size>0x20</size>
         <input_file_ref idref="fl-10"/>
      </object_component>
      <object_component id="oc-ac">
         <name>ECap2RegsFile</name>
         <uninitialized>true</uninitialized>
         <run_address>0x6a20</run_address>
         <size>0x20</size>
         <input_file_ref idref="fl-10"/>
      </object_component>
      <object_component id="oc-ad">
         <name>ECap3RegsFile</name>
         <uninitialized>true</uninitialized>
         <run_address>0x6a40</run_address>
         <size>0x20</size>
         <input_file_ref idref="fl-10"/>
      </object_component>
      <object_component id="oc-aa">
         <name>ECap4RegsFile</name>
         <uninitialized>true</uninitialized>
         <run_address>0x6a60</run_address>
         <size>0x20</size>
         <input_file_ref idref="fl-10"/>
      </object_component>
      <object_component id="oc-ab">
         <name>ECap5RegsFile</name>
         <uninitialized>true</uninitialized>
         <run_address>0x6a80</run_address>
         <size>0x20</size>
         <input_file_ref idref="fl-10"/>
      </object_component>
      <object_component id="oc-b1">
         <name>ECap6RegsFile</name>
         <uninitialized>true</uninitialized>
         <run_address>0x6aa0</run_address>
         <size>0x20</size>
         <input_file_ref idref="fl-10"/>
      </object_component>
      <object_component id="oc-c5">
         <name>EQep1RegsFile</name>
         <uninitialized>true</uninitialized>
         <run_address>0x6b00</run_address>
         <size>0x40</size>
         <input_file_ref idref="fl-10"/>
      </object_component>
      <object_component id="oc-c3">
         <name>EQep2RegsFile</name>
         <uninitialized>true</uninitialized>
         <run_address>0x6b40</run_address>
         <size>0x40</size>
         <input_file_ref idref="fl-10"/>
      </object_component>
      <object_component id="oc-bb">
         <name>GpioCtrlRegsFile</name>
         <uninitialized>true</uninitialized>
         <run_address>0x6f80</run_address>
         <size>0x2e</size>
         <input_file_ref idref="fl-10"/>
      </object_component>
      <object_component id="oc-ae">
         <name>GpioDataRegsFile</name>
         <uninitialized>true</uninitialized>
         <run_address>0x6fc0</run_address>
         <size>0x20</size>
         <input_file_ref idref="fl-10"/>
      </object_component>
      <object_component id="oc-9f">
         <name>GpioIntRegsFile</name>
         <uninitialized>true</uninitialized>
         <run_address>0x6fe0</run_address>
         <size>0xa</size>
         <input_file_ref idref="fl-10"/>
      </object_component>
      <object_component id="oc-af">
         <name>SysCtrlRegsFile</name>
         <uninitialized>true</uninitialized>
         <run_address>0x7010</run_address>
         <size>0x20</size>
         <input_file_ref idref="fl-10"/>
      </object_component>
      <object_component id="oc-a2">
         <name>SpiaRegsFile</name>
         <uninitialized>true</uninitialized>
         <run_address>0x7040</run_address>
         <size>0x10</size>
         <input_file_ref idref="fl-10"/>
      </object_component>
      <object_component id="oc-a3">
         <name>SciaRegsFile</name>
         <uninitialized>true</uninitialized>
         <run_address>0x7050</run_address>
         <size>0x10</size>
         <input_file_ref idref="fl-10"/>
      </object_component>
      <object_component id="oc-a4">
         <name>XIntruptRegsFile</name>
         <uninitialized>true</uninitialized>
         <run_address>0x7070</run_address>
         <size>0x10</size>
         <input_file_ref idref="fl-10"/>
      </object_component>
      <object_component id="oc-a8">
         <name>AdcRegsFile</name>
         <uninitialized>true</uninitialized>
         <run_address>0x7100</run_address>
         <size>0x1e</size>
         <input_file_ref idref="fl-10"/>
      </object_component>
      <object_component id="oc-a1">
         <name>ScibRegsFile</name>
         <uninitialized>true</uninitialized>
         <run_address>0x7750</run_address>
         <size>0x10</size>
         <input_file_ref idref="fl-10"/>
      </object_component>
      <object_component id="oc-a0">
         <name>ScicRegsFile</name>
         <uninitialized>true</uninitialized>
         <run_address>0x7770</run_address>
         <size>0x10</size>
         <input_file_ref idref="fl-10"/>
      </object_component>
      <object_component id="oc-b2">
         <name>I2caRegsFile</name>
         <uninitialized>true</uninitialized>
         <run_address>0x7900</run_address>
         <size>0x22</size>
         <input_file_ref idref="fl-10"/>
      </object_component>
      <object_component id="oc-9e">
         <name>CsmPwlFile</name>
         <uninitialized>true</uninitialized>
         <run_address>0x33fff8</run_address>
         <size>0x8</size>
         <input_file_ref idref="fl-10"/>
      </object_component>
      <object_component id="oc-1b8">
         <name>.cinit</name>
         <load_address>0x33ce2e</load_address>
         <run_address>0x33ce2e</run_address>
         <size>0xe</size>
         <input_file_ref idref="fl-4e"/>
      </object_component>
      <object_component id="oc-147">
         <name>.cinit</name>
         <load_address>0x33ce3c</load_address>
         <run_address>0x33ce3c</run_address>
         <size>0x9</size>
         <input_file_ref idref="fl-28"/>
      </object_component>
      <object_component id="oc-10a">
         <name>.cinit</name>
         <load_address>0x33ce45</load_address>
         <run_address>0x33ce45</run_address>
         <size>0x8</size>
         <input_file_ref idref="fl-1d"/>
      </object_component>
      <object_component id="oc-169">
         <name>.cinit</name>
         <load_address>0x33ce4d</load_address>
         <run_address>0x33ce4d</run_address>
         <size>0x8</size>
         <input_file_ref idref="fl-2e"/>
      </object_component>
      <object_component id="oc-1da">
         <name>.cinit:__lock</name>
         <load_address>0x33ce55</load_address>
         <run_address>0x33ce55</run_address>
         <size>0x5</size>
         <input_file_ref idref="fl-50"/>
      </object_component>
      <object_component id="oc-1e5">
         <name>.cinit:__unlock</name>
         <load_address>0x33ce5a</load_address>
         <run_address>0x33ce5a</run_address>
         <size>0x5</size>
         <input_file_ref idref="fl-50"/>
      </object_component>
      <object_component id="oc-12e">
         <name>.cinit</name>
         <load_address>0x33ce5f</load_address>
         <run_address>0x33ce5f</run_address>
         <size>0x4</size>
         <input_file_ref idref="fl-23"/>
      </object_component>
      <object_component id="oc-1b4">
         <name>.cinit</name>
         <load_address>0x33ce63</load_address>
         <run_address>0x33ce63</run_address>
         <size>0x4</size>
         <input_file_ref idref="fl-4d"/>
      </object_component>
      <object_component id="oc-1bf">
         <name>.cinit</name>
         <load_address>0x33ce67</load_address>
         <run_address>0x33ce67</run_address>
         <size>0x4</size>
         <input_file_ref idref="fl-4f"/>
      </object_component>
      <object_component id="oc-1de">
         <name>.text</name>
         <load_address>0x338000</load_address>
         <run_address>0x338000</run_address>
         <size>0x2741</size>
         <input_file_ref idref="fl-20"/>
      </object_component>
      <object_component id="oc-1db">
         <name>.text</name>
         <load_address>0x33a741</load_address>
         <run_address>0x33a741</run_address>
         <size>0x786</size>
         <input_file_ref idref="fl-22"/>
      </object_component>
      <object_component id="oc-1dd">
         <name>.text</name>
         <load_address>0x33aec7</load_address>
         <run_address>0x33aec7</run_address>
         <size>0x590</size>
         <input_file_ref idref="fl-23"/>
      </object_component>
      <object_component id="oc-7b">
         <name>.text:retain</name>
         <load_address>0x33b457</load_address>
         <run_address>0x33b457</run_address>
         <size>0x323</size>
         <input_file_ref idref="fl-a"/>
      </object_component>
      <object_component id="oc-1dc">
         <name>.text</name>
         <load_address>0x33b77a</load_address>
         <run_address>0x33b77a</run_address>
         <size>0x29e</size>
         <input_file_ref idref="fl-21"/>
      </object_component>
      <object_component id="oc-1f5">
         <name>.text</name>
         <load_address>0x33ba18</load_address>
         <run_address>0x33ba18</run_address>
         <size>0x1f7</size>
         <input_file_ref idref="fl-17"/>
      </object_component>
      <object_component id="oc-1df">
         <name>.text</name>
         <load_address>0x33bc0f</load_address>
         <run_address>0x33bc0f</run_address>
         <size>0x1d2</size>
         <input_file_ref idref="fl-4f"/>
      </object_component>
      <object_component id="oc-1f7">
         <name>.text</name>
         <load_address>0x33bde1</load_address>
         <run_address>0x33bde1</run_address>
         <size>0x19a</size>
         <input_file_ref idref="fl-1a"/>
      </object_component>
      <object_component id="oc-1f8">
         <name>.text</name>
         <load_address>0x33bf7b</load_address>
         <run_address>0x33bf7b</run_address>
         <size>0x14d</size>
         <input_file_ref idref="fl-27"/>
      </object_component>
      <object_component id="oc-1ee">
         <name>.text</name>
         <load_address>0x33c0c8</load_address>
         <run_address>0x33c0c8</run_address>
         <size>0xea</size>
         <input_file_ref idref="fl-19"/>
      </object_component>
      <object_component id="oc-1e8">
         <name>.text</name>
         <load_address>0x33c1b2</load_address>
         <run_address>0x33c1b2</run_address>
         <size>0xd4</size>
         <input_file_ref idref="fl-40"/>
      </object_component>
      <object_component id="oc-1fb">
         <name>.text</name>
         <load_address>0x33c286</load_address>
         <run_address>0x33c286</run_address>
         <size>0xcb</size>
         <input_file_ref idref="fl-42"/>
      </object_component>
      <object_component id="oc-1f6">
         <name>.text</name>
         <load_address>0x33c351</load_address>
         <run_address>0x33c351</run_address>
         <size>0xc0</size>
         <input_file_ref idref="fl-18"/>
      </object_component>
      <object_component id="oc-149">
         <name>.text:retain</name>
         <load_address>0x33c411</load_address>
         <run_address>0x33c411</run_address>
         <size>0xb2</size>
         <input_file_ref idref="fl-28"/>
      </object_component>
      <object_component id="oc-1d5">
         <name>.text</name>
         <load_address>0x33c4c3</load_address>
         <run_address>0x33c4c3</run_address>
         <size>0xa1</size>
         <input_file_ref idref="fl-1f"/>
      </object_component>
      <object_component id="oc-1e3">
         <name>.text</name>
         <load_address>0x33c564</load_address>
         <run_address>0x33c564</run_address>
         <size>0x91</size>
         <input_file_ref idref="fl-2d"/>
      </object_component>
      <object_component id="oc-1fd">
         <name>.text</name>
         <load_address>0x33c5f5</load_address>
         <run_address>0x33c5f5</run_address>
         <size>0x8e</size>
         <input_file_ref idref="fl-1c"/>
      </object_component>
      <object_component id="oc-190">
         <name>.text</name>
         <load_address>0x33c683</load_address>
         <run_address>0x33c683</run_address>
         <size>0x88</size>
         <input_file_ref idref="fl-46"/>
      </object_component>
      <object_component id="oc-1e1">
         <name>.text</name>
         <load_address>0x33c70b</load_address>
         <run_address>0x33c70b</run_address>
         <size>0x84</size>
         <input_file_ref idref="fl-29"/>
      </object_component>
      <object_component id="oc-1d6">
         <name>.text</name>
         <load_address>0x33c78f</load_address>
         <run_address>0x33c78f</run_address>
         <size>0x82</size>
         <input_file_ref idref="fl-2"/>
      </object_component>
      <object_component id="oc-1f4">
         <name>.text</name>
         <load_address>0x33c811</load_address>
         <run_address>0x33c811</run_address>
         <size>0x69</size>
         <input_file_ref idref="fl-7"/>
      </object_component>
      <object_component id="oc-1f9">
         <name>.text</name>
         <load_address>0x33c87a</load_address>
         <run_address>0x33c87a</run_address>
         <size>0x68</size>
         <input_file_ref idref="fl-1d"/>
      </object_component>
      <object_component id="oc-1ea">
         <name>.text</name>
         <load_address>0x33c8e2</load_address>
         <run_address>0x33c8e2</run_address>
         <size>0x61</size>
         <input_file_ref idref="fl-43"/>
      </object_component>
      <object_component id="oc-1eb">
         <name>.text</name>
         <load_address>0x33c943</load_address>
         <run_address>0x33c943</run_address>
         <size>0x58</size>
         <input_file_ref idref="fl-44"/>
      </object_component>
      <object_component id="oc-51">
         <name>.text</name>
         <load_address>0x33c99b</load_address>
         <run_address>0x33c99b</run_address>
         <size>0x56</size>
         <input_file_ref idref="fl-45"/>
      </object_component>
      <object_component id="oc-1e2">
         <name>.text</name>
         <load_address>0x33c9f1</load_address>
         <run_address>0x33c9f1</run_address>
         <size>0x4b</size>
         <input_file_ref idref="fl-2e"/>
      </object_component>
      <object_component id="oc-1fa">
         <name>.text</name>
         <load_address>0x33ca3c</load_address>
         <run_address>0x33ca3c</run_address>
         <size>0x48</size>
         <input_file_ref idref="fl-1e"/>
      </object_component>
      <object_component id="oc-1e0">
         <name>.text</name>
         <load_address>0x33ca84</load_address>
         <run_address>0x33ca84</run_address>
         <size>0x32</size>
         <input_file_ref idref="fl-2a"/>
      </object_component>
      <object_component id="oc-19a">
         <name>.text</name>
         <load_address>0x33cab6</load_address>
         <run_address>0x33cab6</run_address>
         <size>0x2a</size>
         <input_file_ref idref="fl-48"/>
      </object_component>
      <object_component id="oc-1d4">
         <name>.text</name>
         <load_address>0x33cae0</load_address>
         <run_address>0x33cae0</run_address>
         <size>0x29</size>
         <input_file_ref idref="fl-4e"/>
      </object_component>
      <object_component id="oc-1f1">
         <name>.text</name>
         <load_address>0x33cb09</load_address>
         <run_address>0x33cb09</run_address>
         <size>0x28</size>
         <input_file_ref idref="fl-15"/>
      </object_component>
      <object_component id="oc-1d8">
         <name>.text</name>
         <load_address>0x33cb31</load_address>
         <run_address>0x33cb31</run_address>
         <size>0x28</size>
         <input_file_ref idref="fl-2c"/>
      </object_component>
      <object_component id="oc-1d2">
         <name>.text</name>
         <load_address>0x33cb59</load_address>
         <run_address>0x33cb59</run_address>
         <size>0x1</size>
         <input_file_ref idref="fl-4c"/>
      </object_component>
      <object_component id="oc-1e6">
         <name>.text</name>
         <load_address>0x33cb5a</load_address>
         <run_address>0x33cb5a</run_address>
         <size>0x26</size>
         <input_file_ref idref="fl-41"/>
      </object_component>
      <object_component id="oc-1d1">
         <name>.text</name>
         <load_address>0x33cb80</load_address>
         <run_address>0x33cb80</run_address>
         <size>0x24</size>
         <input_file_ref idref="fl-49"/>
      </object_component>
      <object_component id="oc-1f3">
         <name>.text</name>
         <load_address>0x33cba4</load_address>
         <run_address>0x33cba4</run_address>
         <size>0x23</size>
         <input_file_ref idref="fl-11"/>
      </object_component>
      <object_component id="oc-195">
         <name>.text</name>
         <load_address>0x33cbc7</load_address>
         <run_address>0x33cbc7</run_address>
         <size>0x22</size>
         <input_file_ref idref="fl-47"/>
      </object_component>
      <object_component id="oc-1f2">
         <name>.text</name>
         <load_address>0x33cbe9</load_address>
         <run_address>0x33cbe9</run_address>
         <size>0x20</size>
         <input_file_ref idref="fl-16"/>
      </object_component>
      <object_component id="oc-1d7">
         <name>.text</name>
         <load_address>0x33cc09</load_address>
         <run_address>0x33cc09</run_address>
         <size>0x1e</size>
         <input_file_ref idref="fl-4a"/>
      </object_component>
      <object_component id="oc-1d3">
         <name>.text</name>
         <load_address>0x33cc27</load_address>
         <run_address>0x33cc27</run_address>
         <size>0x19</size>
         <input_file_ref idref="fl-51"/>
      </object_component>
      <object_component id="oc-1ef">
         <name>.text</name>
         <load_address>0x33cc40</load_address>
         <run_address>0x33cc40</run_address>
         <size>0x13</size>
         <input_file_ref idref="fl-14"/>
      </object_component>
      <object_component id="oc-1e4">
         <name>.text</name>
         <load_address>0x33cc53</load_address>
         <run_address>0x33cc53</run_address>
         <size>0x9</size>
         <input_file_ref idref="fl-50"/>
      </object_component>
      <object_component id="oc-63">
         <name>.text</name>
         <load_address>0x33cc5c</load_address>
         <run_address>0x33cc5c</run_address>
         <size>0x8</size>
         <input_file_ref idref="fl-6"/>
      </object_component>
      <object_component id="oc-80">
         <name>.text</name>
         <load_address>0x33cc64</load_address>
         <run_address>0x33cc64</run_address>
         <size>0x7</size>
         <input_file_ref idref="fl-b"/>
      </object_component>
      <object_component id="oc-6f">
         <name>.text</name>
         <load_address>0x33cc6b</load_address>
         <run_address>0x33cc6b</run_address>
         <size>0x3</size>
         <input_file_ref idref="fl-8"/>
      </object_component>
      <object_component id="oc-1d0">
         <name>.text</name>
         <load_address>0x33cc6e</load_address>
         <run_address>0x33cc6e</run_address>
         <size>0x2</size>
         <input_file_ref idref="fl-4b"/>
      </object_component>
      <object_component id="oc-64">
         <name>codestart</name>
         <load_address>0x33fff6</load_address>
         <run_address>0x33fff6</run_address>
         <size>0x2</size>
         <input_file_ref idref="fl-6"/>
      </object_component>
      <object_component id="oc-1f0">
         <name>ramfuncs</name>
         <load_address>0x320000</load_address>
         <run_address>0x8000</run_address>
         <size>0x1b</size>
         <input_file_ref idref="fl-19"/>
      </object_component>
      <object_component id="oc-ff">
         <name>ramfuncs</name>
         <load_address>0x32001b</load_address>
         <run_address>0x801b</run_address>
         <size>0x4</size>
         <input_file_ref idref="fl-1b"/>
      </object_component>
      <object_component id="oc-61">
         <name>csmpasswds</name>
         <load_address>0x33fff8</load_address>
         <run_address>0x33fff8</run_address>
         <size>0x8</size>
         <input_file_ref idref="fl-5"/>
      </object_component>
      <object_component id="oc-62">
         <name>csm_rsvd</name>
         <load_address>0x33ff80</load_address>
         <run_address>0x33ff80</run_address>
         <size>0x76</size>
         <input_file_ref idref="fl-5"/>
      </object_component>
      <object_component id="oc-18a">
         <name>.stack</name>
         <uninitialized>true</uninitialized>
         <run_address>0xd000</run_address>
         <size>0x0</size>
         <input_file_ref idref="fl-45"/>
      </object_component>
      <object_component id="oc-25b">
         <name>.stack</name>
         <uninitialized>true</uninitialized>
         <run_address>0xd000</run_address>
         <size>0x0</size>
      </object_component>
      <object_component id="oc-6a">
         <name>.ebss</name>
         <uninitialized>true</uninitialized>
         <run_address>0xc26c</run_address>
         <size>0x8</size>
         <input_file_ref idref="fl-7"/>
      </object_component>
      <object_component id="oc-75">
         <name>.ebss</name>
         <uninitialized>true</uninitialized>
         <run_address>0xc25e</run_address>
         <size>0xe</size>
         <input_file_ref idref="fl-9"/>
      </object_component>
      <object_component id="oc-f0">
         <name>.ebss</name>
         <uninitialized>true</uninitialized>
         <run_address>0xc280</run_address>
         <size>0x240</size>
         <input_file_ref idref="fl-18"/>
      </object_component>
      <object_component id="oc-10b">
         <name>.ebss</name>
         <uninitialized>true</uninitialized>
         <run_address>0xc4c0</run_address>
         <size>0x140</size>
         <input_file_ref idref="fl-1d"/>
      </object_component>
      <object_component id="oc-116">
         <name>.ebss</name>
         <uninitialized>true</uninitialized>
         <run_address>0xc940</run_address>
         <size>0x80</size>
         <input_file_ref idref="fl-1f"/>
      </object_component>
      <object_component id="oc-11c">
         <name>.ebss</name>
         <uninitialized>true</uninitialized>
         <run_address>0xc840</run_address>
         <size>0xdc</size>
         <input_file_ref idref="fl-20"/>
      </object_component>
      <object_component id="oc-128">
         <name>.ebss</name>
         <uninitialized>true</uninitialized>
         <run_address>0xc600</run_address>
         <size>0x110</size>
         <input_file_ref idref="fl-22"/>
      </object_component>
      <object_component id="oc-12f">
         <name>.ebss</name>
         <uninitialized>true</uninitialized>
         <run_address>0xc740</run_address>
         <size>0x100</size>
         <input_file_ref idref="fl-23"/>
      </object_component>
      <object_component id="oc-140">
         <name>.ebss</name>
         <uninitialized>true</uninitialized>
         <run_address>0xc27c</run_address>
         <size>0x3</size>
         <input_file_ref idref="fl-27"/>
      </object_component>
      <object_component id="oc-148">
         <name>.ebss</name>
         <uninitialized>true</uninitialized>
         <run_address>0xc248</run_address>
         <size>0x16</size>
         <input_file_ref idref="fl-28"/>
      </object_component>
      <object_component id="oc-16a">
         <name>.ebss</name>
         <uninitialized>true</uninitialized>
         <run_address>0xc000</run_address>
         <size>0x248</size>
         <input_file_ref idref="fl-2e"/>
      </object_component>
      <object_component id="oc-1b5">
         <name>.ebss</name>
         <uninitialized>true</uninitialized>
         <run_address>0xc27f</run_address>
         <size>0x1</size>
         <input_file_ref idref="fl-4d"/>
      </object_component>
      <object_component id="oc-1b9">
         <name>.ebss</name>
         <uninitialized>true</uninitialized>
         <run_address>0xc710</run_address>
         <size>0x6</size>
         <input_file_ref idref="fl-4e"/>
      </object_component>
      <object_component id="oc-1c0">
         <name>.ebss</name>
         <uninitialized>true</uninitialized>
         <run_address>0xc274</run_address>
         <size>0x8</size>
         <input_file_ref idref="fl-4f"/>
      </object_component>
      <object_component id="oc-1ed">
         <name>.ebss:__unlock</name>
         <uninitialized>true</uninitialized>
         <run_address>0xc718</run_address>
         <size>0x2</size>
         <input_file_ref idref="fl-50"/>
      </object_component>
      <object_component id="oc-1d9">
         <name>.ebss:__lock</name>
         <uninitialized>true</uninitialized>
         <run_address>0xc716</run_address>
         <size>0x2</size>
         <input_file_ref idref="fl-50"/>
      </object_component>
      <object_component id="oc-1c1">
         <name>.esysmem</name>
         <uninitialized>true</uninitialized>
         <run_address>0x400</run_address>
         <size>0x1</size>
         <input_file_ref idref="fl-4f"/>
      </object_component>
      <object_component id="oc-25c">
         <name>.esysmem</name>
         <uninitialized>true</uninitialized>
         <run_address>0x400</run_address>
         <size>0x0</size>
      </object_component>
      <object_component id="oc-1fc">
         <name>.econst:_PieVectTableInit</name>
         <load_address>0x33cc70</load_address>
         <run_address>0x33cc70</run_address>
         <size>0x100</size>
         <input_file_ref idref="fl-16"/>
      </object_component>
      <object_component id="oc-170">
         <name>.econst</name>
         <load_address>0x33cd70</load_address>
         <run_address>0x33cd70</run_address>
         <size>0xc</size>
         <input_file_ref idref="fl-40"/>
      </object_component>
      <object_component id="oc-200">
         <name>.econst:_aT</name>
         <load_address>0x33cd7c</load_address>
         <run_address>0x33cd7c</run_address>
         <size>0xa</size>
         <input_file_ref idref="fl-42"/>
      </object_component>
      <object_component id="oc-1fe">
         <name>.econst:_atanhi</name>
         <load_address>0x33cd86</load_address>
         <run_address>0x33cd86</run_address>
         <size>0x8</size>
         <input_file_ref idref="fl-42"/>
      </object_component>
      <object_component id="oc-1ff">
         <name>.econst:_atanlo</name>
         <load_address>0x33cd8e</load_address>
         <run_address>0x33cd8e</run_address>
         <size>0x8</size>
         <input_file_ref idref="fl-42"/>
      </object_component>
      <object_component id="oc-17b">
         <name>.econst</name>
         <load_address>0x33cd96</load_address>
         <run_address>0x33cd96</run_address>
         <size>0x4</size>
         <input_file_ref idref="fl-42"/>
      </object_component>
      <object_component id="oc-1e7">
         <name>.switch:_Decouple_CRDmode</name>
         <load_address>0x33cd9a</load_address>
         <run_address>0x33cd9a</run_address>
         <size>0x44</size>
         <input_file_ref idref="fl-20"/>
      </object_component>
      <object_component id="oc-1e9">
         <name>.switch:_Prep_CRDmode</name>
         <load_address>0x33cdde</load_address>
         <run_address>0x33cdde</run_address>
         <size>0x28</size>
         <input_file_ref idref="fl-20"/>
      </object_component>
      <object_component id="oc-1ec">
         <name>.switch:_Run_CRDmode</name>
         <load_address>0x33ce06</load_address>
         <run_address>0x33ce06</run_address>
         <size>0x28</size>
         <input_file_ref idref="fl-20"/>
      </object_component>
      <object_component id="oc-11d">
         <name>EXTRAM_DATA</name>
         <uninitialized>true</uninitialized>
         <run_address>0x118000</run_address>
         <size>0x10000</size>
         <input_file_ref idref="fl-20"/>
      </object_component>
      <object_component id="oc-130">
         <name>EXTRAM_DATA</name>
         <uninitialized>true</uninitialized>
         <run_address>0x100000</run_address>
         <size>0x18000</size>
         <input_file_ref idref="fl-23"/>
      </object_component>
      <object_component id="oc-141">
         <name>EXTFLASH_DATA</name>
         <uninitialized>true</uninitialized>
         <run_address>0x200000</run_address>
         <size>0x8000</size>
         <input_file_ref idref="fl-27"/>
      </object_component>
      <object_component id="oc-18b">
         <name>.reset</name>
         <load_address>0x3fffc0</load_address>
         <run_address>0x3fffc0</run_address>
         <size>0x2</size>
         <input_file_ref idref="fl-45"/>
      </object_component>
      <object_component id="oc-57">
         <name>.adc_cal</name>
         <load_address>0x380080</load_address>
         <run_address>0x380080</run_address>
         <size>0x7</size>
         <input_file_ref idref="fl-3"/>
      </object_component>
      <object_component id="oc-14f">
         <name>MotorRegsFiles</name>
         <uninitialized>true</uninitialized>
         <run_address>0x4000</run_address>
         <size>0x100</size>
         <input_file_ref idref="fl-29"/>
      </object_component>
      <object_component id="oc-13d">
         <name>ExioRegsFiles</name>
         <uninitialized>true</uninitialized>
         <run_address>0x4300</run_address>
         <size>0x2</size>
         <input_file_ref idref="fl-26"/>
      </object_component>
      <object_component id="oc-52">
         <name>.debug_info</name>
         <load_address>0x0</load_address>
         <run_address>0x0</run_address>
         <size>0x949</size>
         <input_file_ref idref="fl-2"/>
      </object_component>
      <object_component id="oc-58">
         <name>.debug_info</name>
         <load_address>0x949</load_address>
         <run_address>0x949</run_address>
         <size>0xf5</size>
         <input_file_ref idref="fl-3"/>
      </object_component>
      <object_component id="oc-5c">
         <name>.debug_info</name>
         <load_address>0xa3e</load_address>
         <run_address>0xa3e</run_address>
         <size>0x1de3</size>
         <input_file_ref idref="fl-4"/>
      </object_component>
      <object_component id="oc-65">
         <name>.debug_info</name>
         <load_address>0x2821</load_address>
         <run_address>0x2821</run_address>
         <size>0x138</size>
         <input_file_ref idref="fl-6"/>
      </object_component>
      <object_component id="oc-69">
         <name>.debug_info</name>
         <load_address>0x2959</load_address>
         <run_address>0x2959</run_address>
         <size>0x2bbc</size>
         <input_file_ref idref="fl-7"/>
      </object_component>
      <object_component id="oc-70">
         <name>.debug_info</name>
         <load_address>0x5515</load_address>
         <run_address>0x5515</run_address>
         <size>0xf3</size>
         <input_file_ref idref="fl-8"/>
      </object_component>
      <object_component id="oc-74">
         <name>.debug_info</name>
         <load_address>0x5608</load_address>
         <run_address>0x5608</run_address>
         <size>0x1281</size>
         <input_file_ref idref="fl-9"/>
      </object_component>
      <object_component id="oc-7a">
         <name>.debug_info</name>
         <load_address>0x6889</load_address>
         <run_address>0x6889</run_address>
         <size>0x27ed</size>
         <input_file_ref idref="fl-a"/>
      </object_component>
      <object_component id="oc-81">
         <name>.debug_info</name>
         <load_address>0x9076</load_address>
         <run_address>0x9076</run_address>
         <size>0xf9</size>
         <input_file_ref idref="fl-b"/>
      </object_component>
      <object_component id="oc-85">
         <name>.debug_info</name>
         <load_address>0x916f</load_address>
         <run_address>0x916f</run_address>
         <size>0x5d8e</size>
         <input_file_ref idref="fl-c"/>
      </object_component>
      <object_component id="oc-8a">
         <name>.debug_info</name>
         <load_address>0xeefd</load_address>
         <run_address>0xeefd</run_address>
         <size>0x1b9c</size>
         <input_file_ref idref="fl-d"/>
      </object_component>
      <object_component id="oc-8f">
         <name>.debug_info</name>
         <load_address>0x10a99</load_address>
         <run_address>0x10a99</run_address>
         <size>0x1d32</size>
         <input_file_ref idref="fl-e"/>
      </object_component>
      <object_component id="oc-94">
         <name>.debug_info</name>
         <load_address>0x127cb</load_address>
         <run_address>0x127cb</run_address>
         <size>0x1b9c</size>
         <input_file_ref idref="fl-f"/>
      </object_component>
      <object_component id="oc-99">
         <name>.debug_info</name>
         <load_address>0x14367</load_address>
         <run_address>0x14367</run_address>
         <size>0x13227</size>
         <input_file_ref idref="fl-10"/>
      </object_component>
      <object_component id="oc-cc">
         <name>.debug_info</name>
         <load_address>0x2758e</load_address>
         <run_address>0x2758e</run_address>
         <size>0x1d9d</size>
         <input_file_ref idref="fl-11"/>
      </object_component>
      <object_component id="oc-d1">
         <name>.debug_info</name>
         <load_address>0x2932b</load_address>
         <run_address>0x2932b</run_address>
         <size>0x1b9b</size>
         <input_file_ref idref="fl-12"/>
      </object_component>
      <object_component id="oc-d6">
         <name>.debug_info</name>
         <load_address>0x2aec6</load_address>
         <run_address>0x2aec6</run_address>
         <size>0x49cd</size>
         <input_file_ref idref="fl-13"/>
      </object_component>
      <object_component id="oc-db">
         <name>.debug_info</name>
         <load_address>0x2f893</load_address>
         <run_address>0x2f893</run_address>
         <size>0x47d</size>
         <input_file_ref idref="fl-14"/>
      </object_component>
      <object_component id="oc-e0">
         <name>.debug_info</name>
         <load_address>0x2fd10</load_address>
         <run_address>0x2fd10</run_address>
         <size>0xb76</size>
         <input_file_ref idref="fl-15"/>
      </object_component>
      <object_component id="oc-e5">
         <name>.debug_info</name>
         <load_address>0x30886</load_address>
         <run_address>0x30886</run_address>
         <size>0x22d0</size>
         <input_file_ref idref="fl-16"/>
      </object_component>
      <object_component id="oc-ea">
         <name>.debug_info</name>
         <load_address>0x32b56</load_address>
         <run_address>0x32b56</run_address>
         <size>0x3965</size>
         <input_file_ref idref="fl-17"/>
      </object_component>
      <object_component id="oc-ef">
         <name>.debug_info</name>
         <load_address>0x364bb</load_address>
         <run_address>0x364bb</run_address>
         <size>0x48fc</size>
         <input_file_ref idref="fl-18"/>
      </object_component>
      <object_component id="oc-f5">
         <name>.debug_info</name>
         <load_address>0x3adb7</load_address>
         <run_address>0x3adb7</run_address>
         <size>0x205c</size>
         <input_file_ref idref="fl-19"/>
      </object_component>
      <object_component id="oc-fa">
         <name>.debug_info</name>
         <load_address>0x3ce13</load_address>
         <run_address>0x3ce13</run_address>
         <size>0x3057</size>
         <input_file_ref idref="fl-1a"/>
      </object_component>
      <object_component id="oc-100">
         <name>.debug_info</name>
         <load_address>0x3fe6a</load_address>
         <run_address>0x3fe6a</run_address>
         <size>0xf5</size>
         <input_file_ref idref="fl-1b"/>
      </object_component>
      <object_component id="oc-104">
         <name>.debug_info</name>
         <load_address>0x3ff5f</load_address>
         <run_address>0x3ff5f</run_address>
         <size>0x709</size>
         <input_file_ref idref="fl-1c"/>
      </object_component>
      <object_component id="oc-109">
         <name>.debug_info</name>
         <load_address>0x40668</load_address>
         <run_address>0x40668</run_address>
         <size>0x6b6</size>
         <input_file_ref idref="fl-1d"/>
      </object_component>
      <object_component id="oc-110">
         <name>.debug_info</name>
         <load_address>0x40d1e</load_address>
         <run_address>0x40d1e</run_address>
         <size>0x1498</size>
         <input_file_ref idref="fl-1e"/>
      </object_component>
      <object_component id="oc-115">
         <name>.debug_info</name>
         <load_address>0x421b6</load_address>
         <run_address>0x421b6</run_address>
         <size>0x92f</size>
         <input_file_ref idref="fl-1f"/>
      </object_component>
      <object_component id="oc-11b">
         <name>.debug_info</name>
         <load_address>0x42ae5</load_address>
         <run_address>0x42ae5</run_address>
         <size>0x5bd0</size>
         <input_file_ref idref="fl-20"/>
      </object_component>
      <object_component id="oc-122">
         <name>.debug_info</name>
         <load_address>0x486b5</load_address>
         <run_address>0x486b5</run_address>
         <size>0x1393</size>
         <input_file_ref idref="fl-21"/>
      </object_component>
      <object_component id="oc-127">
         <name>.debug_info</name>
         <load_address>0x49a48</load_address>
         <run_address>0x49a48</run_address>
         <size>0x1a89</size>
         <input_file_ref idref="fl-22"/>
      </object_component>
      <object_component id="oc-12d">
         <name>.debug_info</name>
         <load_address>0x4b4d1</load_address>
         <run_address>0x4b4d1</run_address>
         <size>0x19e2</size>
         <input_file_ref idref="fl-23"/>
      </object_component>
      <object_component id="oc-135">
         <name>.debug_info</name>
         <load_address>0x4ceb3</load_address>
         <run_address>0x4ceb3</run_address>
         <size>0x182</size>
         <input_file_ref idref="fl-24"/>
      </object_component>
      <object_component id="oc-137">
         <name>.debug_info</name>
         <load_address>0x4d035</load_address>
         <run_address>0x4d035</run_address>
         <size>0x7b9</size>
         <input_file_ref idref="fl-25"/>
      </object_component>
      <object_component id="oc-13c">
         <name>.debug_info</name>
         <load_address>0x4d7ee</load_address>
         <run_address>0x4d7ee</run_address>
         <size>0x37f</size>
         <input_file_ref idref="fl-26"/>
      </object_component>
      <object_component id="oc-13f">
         <name>.debug_info</name>
         <load_address>0x4db6d</load_address>
         <run_address>0x4db6d</run_address>
         <size>0xd09</size>
         <input_file_ref idref="fl-27"/>
      </object_component>
      <object_component id="oc-146">
         <name>.debug_info</name>
         <load_address>0x4e876</load_address>
         <run_address>0x4e876</run_address>
         <size>0x1651</size>
         <input_file_ref idref="fl-28"/>
      </object_component>
      <object_component id="oc-14e">
         <name>.debug_info</name>
         <load_address>0x4fec7</load_address>
         <run_address>0x4fec7</run_address>
         <size>0xd5e</size>
         <input_file_ref idref="fl-29"/>
      </object_component>
      <object_component id="oc-154">
         <name>.debug_info</name>
         <load_address>0x50c25</load_address>
         <run_address>0x50c25</run_address>
         <size>0x7e5</size>
         <input_file_ref idref="fl-2a"/>
      </object_component>
      <object_component id="oc-159">
         <name>.debug_info</name>
         <load_address>0x5140a</load_address>
         <run_address>0x5140a</run_address>
         <size>0x368</size>
         <input_file_ref idref="fl-2b"/>
      </object_component>
      <object_component id="oc-15e">
         <name>.debug_info</name>
         <load_address>0x51772</load_address>
         <run_address>0x51772</run_address>
         <size>0x620</size>
         <input_file_ref idref="fl-2c"/>
      </object_component>
      <object_component id="oc-163">
         <name>.debug_info</name>
         <load_address>0x51d92</load_address>
         <run_address>0x51d92</run_address>
         <size>0x1033</size>
         <input_file_ref idref="fl-2d"/>
      </object_component>
      <object_component id="oc-168">
         <name>.debug_info</name>
         <load_address>0x52dc5</load_address>
         <run_address>0x52dc5</run_address>
         <size>0x154a</size>
         <input_file_ref idref="fl-2e"/>
      </object_component>
      <object_component id="oc-16f">
         <name>.debug_info</name>
         <load_address>0x5430f</load_address>
         <run_address>0x5430f</run_address>
         <size>0x53c</size>
         <input_file_ref idref="fl-40"/>
      </object_component>
      <object_component id="oc-175">
         <name>.debug_info</name>
         <load_address>0x5484b</load_address>
         <run_address>0x5484b</run_address>
         <size>0x410</size>
         <input_file_ref idref="fl-41"/>
      </object_component>
      <object_component id="oc-17a">
         <name>.debug_info</name>
         <load_address>0x54c5b</load_address>
         <run_address>0x54c5b</run_address>
         <size>0x514</size>
         <input_file_ref idref="fl-42"/>
      </object_component>
      <object_component id="oc-180">
         <name>.debug_info</name>
         <load_address>0x5516f</load_address>
         <run_address>0x5516f</run_address>
         <size>0x404</size>
         <input_file_ref idref="fl-43"/>
      </object_component>
      <object_component id="oc-185">
         <name>.debug_info</name>
         <load_address>0x55573</load_address>
         <run_address>0x55573</run_address>
         <size>0x416</size>
         <input_file_ref idref="fl-44"/>
      </object_component>
      <object_component id="oc-18c">
         <name>.debug_info</name>
         <load_address>0x55989</load_address>
         <run_address>0x55989</run_address>
         <size>0x16b</size>
         <input_file_ref idref="fl-45"/>
      </object_component>
      <object_component id="oc-191">
         <name>.debug_info</name>
         <load_address>0x55af4</load_address>
         <run_address>0x55af4</run_address>
         <size>0x10c</size>
         <input_file_ref idref="fl-46"/>
      </object_component>
      <object_component id="oc-196">
         <name>.debug_info</name>
         <load_address>0x55c00</load_address>
         <run_address>0x55c00</run_address>
         <size>0x139</size>
         <input_file_ref idref="fl-47"/>
      </object_component>
      <object_component id="oc-19b">
         <name>.debug_info</name>
         <load_address>0x55d39</load_address>
         <run_address>0x55d39</run_address>
         <size>0x19d</size>
         <input_file_ref idref="fl-48"/>
      </object_component>
      <object_component id="oc-19f">
         <name>.debug_info</name>
         <load_address>0x55ed6</load_address>
         <run_address>0x55ed6</run_address>
         <size>0x574</size>
         <input_file_ref idref="fl-49"/>
      </object_component>
      <object_component id="oc-1a4">
         <name>.debug_info</name>
         <load_address>0x5644a</load_address>
         <run_address>0x5644a</run_address>
         <size>0x46f</size>
         <input_file_ref idref="fl-4a"/>
      </object_component>
      <object_component id="oc-1a9">
         <name>.debug_info</name>
         <load_address>0x568b9</load_address>
         <run_address>0x568b9</run_address>
         <size>0x3e2</size>
         <input_file_ref idref="fl-4b"/>
      </object_component>
      <object_component id="oc-1ae">
         <name>.debug_info</name>
         <load_address>0x56c9b</load_address>
         <run_address>0x56c9b</run_address>
         <size>0x3df</size>
         <input_file_ref idref="fl-4c"/>
      </object_component>
      <object_component id="oc-1b3">
         <name>.debug_info</name>
         <load_address>0x5707a</load_address>
         <run_address>0x5707a</run_address>
         <size>0x1bb</size>
         <input_file_ref idref="fl-4d"/>
      </object_component>
      <object_component id="oc-1b7">
         <name>.debug_info</name>
         <load_address>0x57235</load_address>
         <run_address>0x57235</run_address>
         <size>0x579</size>
         <input_file_ref idref="fl-4e"/>
      </object_component>
      <object_component id="oc-1be">
         <name>.debug_info</name>
         <load_address>0x577ae</load_address>
         <run_address>0x577ae</run_address>
         <size>0xb19</size>
         <input_file_ref idref="fl-4f"/>
      </object_component>
      <object_component id="oc-1c6">
         <name>.debug_info</name>
         <load_address>0x582c7</load_address>
         <run_address>0x582c7</run_address>
         <size>0x501</size>
         <input_file_ref idref="fl-50"/>
      </object_component>
      <object_component id="oc-1cb">
         <name>.debug_info</name>
         <load_address>0x587c8</load_address>
         <run_address>0x587c8</run_address>
         <size>0x49c</size>
         <input_file_ref idref="fl-51"/>
      </object_component>
      <object_component id="oc-25d">
         <name>.debug_info</name>
         <load_address>0x58c64</load_address>
         <run_address>0x58c64</run_address>
         <size>0x96</size>
      </object_component>
      <object_component id="oc-53">
         <name>.debug_frame</name>
         <load_address>0x0</load_address>
         <run_address>0x0</run_address>
         <size>0xd8</size>
         <input_file_ref idref="fl-2"/>
      </object_component>
      <object_component id="oc-5d">
         <name>.debug_frame</name>
         <load_address>0xd8</load_address>
         <run_address>0xd8</run_address>
         <size>0x30</size>
         <input_file_ref idref="fl-4"/>
      </object_component>
      <object_component id="oc-6b">
         <name>.debug_frame</name>
         <load_address>0x108</load_address>
         <run_address>0x108</run_address>
         <size>0xac</size>
         <input_file_ref idref="fl-7"/>
      </object_component>
      <object_component id="oc-76">
         <name>.debug_frame</name>
         <load_address>0x1b4</load_address>
         <run_address>0x1b4</run_address>
         <size>0x30</size>
         <input_file_ref idref="fl-9"/>
      </object_component>
      <object_component id="oc-7c">
         <name>.debug_frame</name>
         <load_address>0x1e4</load_address>
         <run_address>0x1e4</run_address>
         <size>0xcb4</size>
         <input_file_ref idref="fl-a"/>
      </object_component>
      <object_component id="oc-86">
         <name>.debug_frame</name>
         <load_address>0xe98</load_address>
         <run_address>0xe98</run_address>
         <size>0x30</size>
         <input_file_ref idref="fl-c"/>
      </object_component>
      <object_component id="oc-8b">
         <name>.debug_frame</name>
         <load_address>0xec8</load_address>
         <run_address>0xec8</run_address>
         <size>0x30</size>
         <input_file_ref idref="fl-d"/>
      </object_component>
      <object_component id="oc-90">
         <name>.debug_frame</name>
         <load_address>0xef8</load_address>
         <run_address>0xef8</run_address>
         <size>0x30</size>
         <input_file_ref idref="fl-e"/>
      </object_component>
      <object_component id="oc-95">
         <name>.debug_frame</name>
         <load_address>0xf28</load_address>
         <run_address>0xf28</run_address>
         <size>0x30</size>
         <input_file_ref idref="fl-f"/>
      </object_component>
      <object_component id="oc-cd">
         <name>.debug_frame</name>
         <load_address>0xf58</load_address>
         <run_address>0xf58</run_address>
         <size>0x48</size>
         <input_file_ref idref="fl-11"/>
      </object_component>
      <object_component id="oc-d2">
         <name>.debug_frame</name>
         <load_address>0xfa0</load_address>
         <run_address>0xfa0</run_address>
         <size>0x30</size>
         <input_file_ref idref="fl-12"/>
      </object_component>
      <object_component id="oc-d7">
         <name>.debug_frame</name>
         <load_address>0xfd0</load_address>
         <run_address>0xfd0</run_address>
         <size>0x30</size>
         <input_file_ref idref="fl-13"/>
      </object_component>
      <object_component id="oc-dc">
         <name>.debug_frame</name>
         <load_address>0x1000</load_address>
         <run_address>0x1000</run_address>
         <size>0x4c</size>
         <input_file_ref idref="fl-14"/>
      </object_component>
      <object_component id="oc-e1">
         <name>.debug_frame</name>
         <load_address>0x104c</load_address>
         <run_address>0x104c</run_address>
         <size>0x60</size>
         <input_file_ref idref="fl-15"/>
      </object_component>
      <object_component id="oc-e6">
         <name>.debug_frame</name>
         <load_address>0x10ac</load_address>
         <run_address>0x10ac</run_address>
         <size>0x4c</size>
         <input_file_ref idref="fl-16"/>
      </object_component>
      <object_component id="oc-eb">
         <name>.debug_frame</name>
         <load_address>0x10f8</load_address>
         <run_address>0x10f8</run_address>
         <size>0x2c0</size>
         <input_file_ref idref="fl-17"/>
      </object_component>
      <object_component id="oc-f1">
         <name>.debug_frame</name>
         <load_address>0x13b8</load_address>
         <run_address>0x13b8</run_address>
         <size>0xb0</size>
         <input_file_ref idref="fl-18"/>
      </object_component>
      <object_component id="oc-f6">
         <name>.debug_frame</name>
         <load_address>0x1468</load_address>
         <run_address>0x1468</run_address>
         <size>0xe0</size>
         <input_file_ref idref="fl-19"/>
      </object_component>
      <object_component id="oc-fb">
         <name>.debug_frame</name>
         <load_address>0x1548</load_address>
         <run_address>0x1548</run_address>
         <size>0xe8</size>
         <input_file_ref idref="fl-1a"/>
      </object_component>
      <object_component id="oc-105">
         <name>.debug_frame</name>
         <load_address>0x1630</load_address>
         <run_address>0x1630</run_address>
         <size>0xbc</size>
         <input_file_ref idref="fl-1c"/>
      </object_component>
      <object_component id="oc-10c">
         <name>.debug_frame</name>
         <load_address>0x16ec</load_address>
         <run_address>0x16ec</run_address>
         <size>0x68</size>
         <input_file_ref idref="fl-1d"/>
      </object_component>
      <object_component id="oc-111">
         <name>.debug_frame</name>
         <load_address>0x1754</load_address>
         <run_address>0x1754</run_address>
         <size>0x4c</size>
         <input_file_ref idref="fl-1e"/>
      </object_component>
      <object_component id="oc-117">
         <name>.debug_frame</name>
         <load_address>0x17a0</load_address>
         <run_address>0x17a0</run_address>
         <size>0xa0</size>
         <input_file_ref idref="fl-1f"/>
      </object_component>
      <object_component id="oc-11e">
         <name>.debug_frame</name>
         <load_address>0x1840</load_address>
         <run_address>0x1840</run_address>
         <size>0x640</size>
         <input_file_ref idref="fl-20"/>
      </object_component>
      <object_component id="oc-123">
         <name>.debug_frame</name>
         <load_address>0x1e80</load_address>
         <run_address>0x1e80</run_address>
         <size>0xd4</size>
         <input_file_ref idref="fl-21"/>
      </object_component>
      <object_component id="oc-129">
         <name>.debug_frame</name>
         <load_address>0x1f54</load_address>
         <run_address>0x1f54</run_address>
         <size>0x1bc</size>
         <input_file_ref idref="fl-22"/>
      </object_component>
      <object_component id="oc-131">
         <name>.debug_frame</name>
         <load_address>0x2110</load_address>
         <run_address>0x2110</run_address>
         <size>0x19c</size>
         <input_file_ref idref="fl-23"/>
      </object_component>
      <object_component id="oc-138">
         <name>.debug_frame</name>
         <load_address>0x22ac</load_address>
         <run_address>0x22ac</run_address>
         <size>0x30</size>
         <input_file_ref idref="fl-25"/>
      </object_component>
      <object_component id="oc-142">
         <name>.debug_frame</name>
         <load_address>0x22dc</load_address>
         <run_address>0x22dc</run_address>
         <size>0x118</size>
         <input_file_ref idref="fl-27"/>
      </object_component>
      <object_component id="oc-14a">
         <name>.debug_frame</name>
         <load_address>0x23f4</load_address>
         <run_address>0x23f4</run_address>
         <size>0x134</size>
         <input_file_ref idref="fl-28"/>
      </object_component>
      <object_component id="oc-150">
         <name>.debug_frame</name>
         <load_address>0x2528</load_address>
         <run_address>0x2528</run_address>
         <size>0xa0</size>
         <input_file_ref idref="fl-29"/>
      </object_component>
      <object_component id="oc-155">
         <name>.debug_frame</name>
         <load_address>0x25c8</load_address>
         <run_address>0x25c8</run_address>
         <size>0x4c</size>
         <input_file_ref idref="fl-2a"/>
      </object_component>
      <object_component id="oc-15a">
         <name>.debug_frame</name>
         <load_address>0x2614</load_address>
         <run_address>0x2614</run_address>
         <size>0x30</size>
         <input_file_ref idref="fl-2b"/>
      </object_component>
      <object_component id="oc-15f">
         <name>.debug_frame</name>
         <load_address>0x2644</load_address>
         <run_address>0x2644</run_address>
         <size>0x48</size>
         <input_file_ref idref="fl-2c"/>
      </object_component>
      <object_component id="oc-164">
         <name>.debug_frame</name>
         <load_address>0x268c</load_address>
         <run_address>0x268c</run_address>
         <size>0x98</size>
         <input_file_ref idref="fl-2d"/>
      </object_component>
      <object_component id="oc-16b">
         <name>.debug_frame</name>
         <load_address>0x2724</load_address>
         <run_address>0x2724</run_address>
         <size>0x68</size>
         <input_file_ref idref="fl-2e"/>
      </object_component>
      <object_component id="oc-171">
         <name>.debug_frame</name>
         <load_address>0x278c</load_address>
         <run_address>0x278c</run_address>
         <size>0x4c</size>
         <input_file_ref idref="fl-40"/>
      </object_component>
      <object_component id="oc-176">
         <name>.debug_frame</name>
         <load_address>0x27d8</load_address>
         <run_address>0x27d8</run_address>
         <size>0x4c</size>
         <input_file_ref idref="fl-41"/>
      </object_component>
      <object_component id="oc-17c">
         <name>.debug_frame</name>
         <load_address>0x2824</load_address>
         <run_address>0x2824</run_address>
         <size>0x58</size>
         <input_file_ref idref="fl-42"/>
      </object_component>
      <object_component id="oc-181">
         <name>.debug_frame</name>
         <load_address>0x287c</load_address>
         <run_address>0x287c</run_address>
         <size>0x4c</size>
         <input_file_ref idref="fl-43"/>
      </object_component>
      <object_component id="oc-186">
         <name>.debug_frame</name>
         <load_address>0x28c8</load_address>
         <run_address>0x28c8</run_address>
         <size>0x4c</size>
         <input_file_ref idref="fl-44"/>
      </object_component>
      <object_component id="oc-1a0">
         <name>.debug_frame</name>
         <load_address>0x2914</load_address>
         <run_address>0x2914</run_address>
         <size>0x68</size>
         <input_file_ref idref="fl-49"/>
      </object_component>
      <object_component id="oc-1a5">
         <name>.debug_frame</name>
         <load_address>0x297c</load_address>
         <run_address>0x297c</run_address>
         <size>0x48</size>
         <input_file_ref idref="fl-4a"/>
      </object_component>
      <object_component id="oc-1aa">
         <name>.debug_frame</name>
         <load_address>0x29c4</load_address>
         <run_address>0x29c4</run_address>
         <size>0x48</size>
         <input_file_ref idref="fl-4b"/>
      </object_component>
      <object_component id="oc-1af">
         <name>.debug_frame</name>
         <load_address>0x2a0c</load_address>
         <run_address>0x2a0c</run_address>
         <size>0x48</size>
         <input_file_ref idref="fl-4c"/>
      </object_component>
      <object_component id="oc-1ba">
         <name>.debug_frame</name>
         <load_address>0x2a54</load_address>
         <run_address>0x2a54</run_address>
         <size>0x68</size>
         <input_file_ref idref="fl-4e"/>
      </object_component>
      <object_component id="oc-1c2">
         <name>.debug_frame</name>
         <load_address>0x2abc</load_address>
         <run_address>0x2abc</run_address>
         <size>0x140</size>
         <input_file_ref idref="fl-4f"/>
      </object_component>
      <object_component id="oc-1c7">
         <name>.debug_frame</name>
         <load_address>0x2bfc</load_address>
         <run_address>0x2bfc</run_address>
         <size>0x78</size>
         <input_file_ref idref="fl-50"/>
      </object_component>
      <object_component id="oc-1cc">
         <name>.debug_frame</name>
         <load_address>0x2c74</load_address>
         <run_address>0x2c74</run_address>
         <size>0x48</size>
         <input_file_ref idref="fl-51"/>
      </object_component>
      <object_component id="oc-54">
         <name>.debug_line</name>
         <load_address>0x0</load_address>
         <run_address>0x0</run_address>
         <size>0xfa</size>
         <input_file_ref idref="fl-2"/>
      </object_component>
      <object_component id="oc-59">
         <name>.debug_line</name>
         <load_address>0xfa</load_address>
         <run_address>0xfa</run_address>
         <size>0x55</size>
         <input_file_ref idref="fl-3"/>
      </object_component>
      <object_component id="oc-5e">
         <name>.debug_line</name>
         <load_address>0x14f</load_address>
         <run_address>0x14f</run_address>
         <size>0x3e</size>
         <input_file_ref idref="fl-4"/>
      </object_component>
      <object_component id="oc-66">
         <name>.debug_line</name>
         <load_address>0x18d</load_address>
         <run_address>0x18d</run_address>
         <size>0x6d</size>
[...]
         <object_component_ref idref="oc-1f6"/>
      </symbol>
      <symbol id="sm-340">
         <name>_spia_rxbuf</name>
         <value>0xc2c0</value>
         <object_component_ref idref="oc-f0"/>
      </symbol>
      <symbol id="sm-357">
         <name>_InitPll</name>
         <value>0x33c0e3</value>
         <object_component_ref idref="oc-1ee"/>
      </symbol>
      <symbol id="sm-358">
         <name>_DisableDog</name>
         <value>0x33c0db</value>
         <object_component_ref idref="oc-1ee"/>
      </symbol>
      <symbol id="sm-359">
         <name>_InitPeripheralClocks</name>
         <value>0x33c134</value>
         <object_component_ref idref="oc-1ee"/>
      </symbol>
      <symbol id="sm-35a">
         <name>_InitFlash</name>
         <value>0x8000</value>
         <object_component_ref idref="oc-1f0"/>
      </symbol>
      <symbol id="sm-35b">
         <name>_CsmUnlock</name>
         <value>0x33c181</value>
         <object_component_ref idref="oc-1ee"/>
      </symbol>
      <symbol id="sm-35c">
         <name>_ServiceDog</name>
         <value>0x33c0d1</value>
         <object_component_ref idref="oc-1ee"/>
      </symbol>
      <symbol id="sm-35d">
         <name>_InitSysCtrl</name>
         <value>0x33c0c8</value>
         <object_component_ref idref="oc-1ee"/>
      </symbol>
      <symbol id="sm-369">
         <name>_InitXintf16Gpio</name>
         <value>0x33bf21</value>
         <object_component_ref idref="oc-1f7"/>
      </symbol>
      <symbol id="sm-36a">
         <name>_InitZone7</name>
         <value>0x33be47</value>
         <object_component_ref idref="oc-1f7"/>
      </symbol>
      <symbol id="sm-36b">
         <name>_InitZone6</name>
         <value>0x33be6f</value>
         <object_component_ref idref="oc-1f7"/>
      </symbol>
      <symbol id="sm-36c">
         <name>_InitZone0</name>
         <value>0x33be96</value>
         <object_component_ref idref="oc-1f7"/>
      </symbol>
      <symbol id="sm-36d">
         <name>_InitXintf</name>
         <value>0x33bebd</value>
         <object_component_ref idref="oc-1f7"/>
      </symbol>
      <symbol id="sm-36e">
         <name>_ConfigureXTIMING</name>
         <value>0x33bde1</value>
         <object_component_ref idref="oc-1f7"/>
      </symbol>
      <symbol id="sm-36f">
         <name>_InitXintf32Gpio</name>
         <value>0x33beda</value>
         <object_component_ref idref="oc-1f7"/>
      </symbol>
      <symbol id="sm-37b">
         <name>_DSP28x_usDelay</name>
         <value>0x801b</value>
         <object_component_ref idref="oc-ff"/>
      </symbol>
      <symbol id="sm-392">
         <name>_swfifo_Out</name>
         <value>0x33c63c</value>
         <object_component_ref idref="oc-1fd"/>
      </symbol>
      <symbol id="sm-393">
         <name>_swfifo_In</name>
         <value>0x33c601</value>
         <object_component_ref idref="oc-1fd"/>
      </symbol>
      <symbol id="sm-394">
         <name>_swfifoReset</name>
         <value>0x33c5f5</value>
         <object_component_ref idref="oc-1fd"/>
      </symbol>
      <symbol id="sm-395">
         <name>_swfifo_IsFull</name>
         <value>0x33c675</value>
         <object_component_ref idref="oc-1fd"/>
      </symbol>
      <symbol id="sm-396">
         <name>_swfifo_IsEmpty</name>
         <value>0x33c66b</value>
         <object_component_ref idref="oc-1fd"/>
      </symbol>
      <symbol id="sm-3b1">
         <name>_protocol</name>
         <value>0x33c88c</value>
         <object_component_ref idref="oc-1f9"/>
      </symbol>
      <symbol id="sm-3b2">
         <name>_check_prm</name>
         <value>0x33c87a</value>
         <object_component_ref idref="oc-1f9"/>
      </symbol>
      <symbol id="sm-3c3">
         <name>_senddata</name>
         <value>0x33ca3c</value>
         <object_component_ref idref="oc-1fa"/>
      </symbol>
      <symbol id="sm-3e0">
         <name>_Init_Kernel</name>
         <value>0x33c4db</value>
         <object_component_ref idref="oc-1d5"/>
      </symbol>
      <symbol id="sm-3e1">
         <name>_Run_Kernel</name>
         <value>0x33c51e</value>
         <object_component_ref idref="oc-1d5"/>
      </symbol>
      <symbol id="sm-3e2">
         <name>_kernel</name>
         <value>0xc940</value>
         <object_component_ref idref="oc-116"/>
      </symbol>
      <symbol id="sm-3e3">
         <name>_Approximate</name>
         <value>0x33c4c3</value>
         <object_component_ref idref="oc-1d5"/>
      </symbol>
      <symbol id="sm-608">
         <name>_pKernelC</name>
         <value>0xc848</value>
         <object_component_ref idref="oc-11c"/>
      </symbol>
      <symbol id="sm-609">
         <name>_Run_CRDmode</name>
         <value>0x33a666</value>
         <object_component_ref idref="oc-1de"/>
      </symbol>
      <symbol id="sm-60a">
         <name>_crdprm</name>
         <value>0xc858</value>
         <object_component_ref idref="oc-11c"/>
      </symbol>
      <symbol id="sm-60b">
         <name>_Prep_CRDmode</name>
         <value>0x339bb3</value>
         <object_component_ref idref="oc-1de"/>
      </symbol>
      <symbol id="sm-60c">
         <name>_Decouple_CRDmode</name>
         <value>0x338f45</value>
         <object_component_ref idref="oc-1de"/>
      </symbol>
      <symbol id="sm-60d">
         <name>_Init_Crd_Kernel</name>
         <value>0x338000</value>
         <object_component_ref idref="oc-1de"/>
      </symbol>
      <symbol id="sm-60e">
         <name>_crdfifo</name>
         <value>0x118000</value>
         <object_component_ref idref="oc-11d"/>
      </symbol>
      <symbol id="sm-641">
         <name>_Run_JOGmode</name>
         <value>0x33b926</value>
         <object_component_ref idref="oc-1dc"/>
      </symbol>
      <symbol id="sm-642">
         <name>_Decouple_JOGmode</name>
         <value>0x33b8f9</value>
         <object_component_ref idref="oc-1dc"/>
      </symbol>
      <symbol id="sm-643">
         <name>_Prep_JOGmode</name>
         <value>0x33b832</value>
         <object_component_ref idref="oc-1dc"/>
      </symbol>
      <symbol id="sm-6b1">
         <name>_Decouple_PPmode</name>
         <value>0x33abae</value>
         <object_component_ref idref="oc-1db"/>
      </symbol>
      <symbol id="sm-6b2">
         <name>_pjkernel</name>
         <value>0xc600</value>
         <object_component_ref idref="oc-128"/>
      </symbol>
      <symbol id="sm-6b3">
         <name>_Prep_PPmode</name>
         <value>0x33a934</value>
         <object_component_ref idref="oc-1db"/>
      </symbol>
      <symbol id="sm-6b4">
         <name>_Run_PPmode</name>
         <value>0x33ac18</value>
         <object_component_ref idref="oc-1db"/>
      </symbol>
      <symbol id="sm-6b5">
         <name>_Init_PP_JOG_Kernel</name>
         <value>0x33a741</value>
         <object_component_ref idref="oc-1db"/>
      </symbol>
      <symbol id="sm-73c">
         <name>_Run_PTmode</name>
         <value>0x33b2f2</value>
         <object_component_ref idref="oc-1dd"/>
      </symbol>
      <symbol id="sm-73d">
         <name>_Init_PT_Kernel</name>
         <value>0x33aec7</value>
         <object_component_ref idref="oc-1dd"/>
      </symbol>
      <symbol id="sm-73e">
         <name>_ptfifo</name>
         <value>0x100000</value>
         <object_component_ref idref="oc-130"/>
      </symbol>
      <symbol id="sm-73f">
         <name>_PTCOUNT</name>
         <value>0xc740</value>
         <object_component_ref idref="oc-12f"/>
      </symbol>
      <symbol id="sm-740">
         <name>_Decouple_PTmode</name>
         <value>0x33b294</value>
         <object_component_ref idref="oc-1dd"/>
      </symbol>
      <symbol id="sm-741">
         <name>_Prep_PTmode</name>
         <value>0x33b108</value>
         <object_component_ref idref="oc-1dd"/>
      </symbol>
      <symbol id="sm-755">
         <name>_ExioRegs</name>
         <value>0x4300</value>
         <object_component_ref idref="oc-13d"/>
      </symbol>
      <symbol id="sm-768">
         <name>_FlashSST39_ChipErase</name>
         <value>0x33bfd3</value>
         <object_component_ref idref="oc-1f8"/>
      </symbol>
      <symbol id="sm-769">
         <name>_FlashSST39_Wait</name>
         <value>0x33c070</value>
         <object_component_ref idref="oc-1f8"/>
      </symbol>
      <symbol id="sm-76a">
         <name>_flashSST39</name>
         <value>0xc27c</value>
         <object_component_ref idref="oc-140"/>
      </symbol>
      <symbol id="sm-76b">
         <name>_FlashSST39_Reset</name>
         <value>0x33bf88</value>
         <object_component_ref idref="oc-1f8"/>
      </symbol>
      <symbol id="sm-76c">
         <name>_FlashSST39_ReadId</name>
         <value>0x33bfa1</value>
         <object_component_ref idref="oc-1f8"/>
      </symbol>
      <symbol id="sm-76d">
         <name>_FlashSST39_Write</name>
         <value>0x33c053</value>
         <object_component_ref idref="oc-1f8"/>
      </symbol>
      <symbol id="sm-76e">
         <name>_FlashSST39_BlockErase</name>
         <value>0x33c024</value>
         <object_component_ref idref="oc-1f8"/>
      </symbol>
      <symbol id="sm-76f">
         <name>_FlashSST39_SectorErase</name>
         <value>0x33bff6</value>
         <object_component_ref idref="oc-1f8"/>
      </symbol>
      <symbol id="sm-770">
         <name>_EXTFLASH</name>
         <value>0x200000</value>
         <object_component_ref idref="oc-141"/>
      </symbol>
      <symbol id="sm-771">
         <name>_FlashSST39_Test</name>
         <value>0x33c08b</value>
         <object_component_ref idref="oc-1f8"/>
      </symbol>
      <symbol id="sm-772">
         <name>_FlashSST39_Init</name>
         <value>0x33bf7b</value>
         <object_component_ref idref="oc-1f8"/>
      </symbol>
      <symbol id="sm-787">
         <name>_spia_tx_isr</name>
         <value>0x33c4b2</value>
         <object_component_ref idref="oc-149"/>
      </symbol>
      <symbol id="sm-788">
         <name>_spia_rx_isr</name>
         <value>0x33c442</value>
         <object_component_ref idref="oc-149"/>
      </symbol>
      <symbol id="sm-789">
         <name>_cpu_timer0_isr</name>
         <value>0x33c411</value>
         <object_component_ref idref="oc-149"/>
      </symbol>
      <symbol id="sm-78a">
         <name>_SpiMsg</name>
         <value>0xc24a</value>
         <object_component_ref idref="oc-148"/>
      </symbol>
      <symbol id="sm-78b">
         <name>_SPI_COUNT</name>
         <value>0xc248</value>
         <object_component_ref idref="oc-148"/>
      </symbol>
      <symbol id="sm-799">
         <name>_Init_Axis</name>
         <value>0x33c70b</value>
         <object_component_ref idref="oc-1e1"/>
      </symbol>
      <symbol id="sm-79a">
         <name>_MotorRegs</name>
         <value>0x4000</value>
         <object_component_ref idref="oc-14f"/>
      </symbol>
      <symbol id="sm-79b">
         <name>_M_ServoOff</name>
         <value>0x33c751</value>
         <object_component_ref idref="oc-1e1"/>
      </symbol>
      <symbol id="sm-79c">
         <name>_M_ServoOn</name>
         <value>0x33c744</value>
         <object_component_ref idref="oc-1e1"/>
      </symbol>
      <symbol id="sm-79d">
         <name>_M_SetPvat</name>
         <value>0x33c75e</value>
         <object_component_ref idref="oc-1e1"/>
      </symbol>
      <symbol id="sm-7a9">
         <name>_InitPeripherals</name>
         <value>0x33ca84</value>
         <object_component_ref idref="oc-1e0"/>
      </symbol>
      <symbol id="sm-7c0">
         <name>_main</name>
         <value>0x33cb31</value>
         <object_component_ref idref="oc-1d8"/>
      </symbol>
      <symbol id="sm-7dd">
         <name>_runCmd</name>
         <value>0x33c5ba</value>
         <object_component_ref idref="oc-1e3"/>
      </symbol>
      <symbol id="sm-7de">
         <name>_Init_Command</name>
         <value>0x33c564</value>
         <object_component_ref idref="oc-1e3"/>
      </symbol>
      <symbol id="sm-7df">
         <name>_prepCmd</name>
         <value>0x33c56f</value>
         <object_component_ref idref="oc-1e3"/>
      </symbol>
      <symbol id="sm-7f6">
         <name>_decoupleCommand</name>
         <value>0x33ca19</value>
         <object_component_ref idref="oc-1e2"/>
      </symbol>
      <symbol id="sm-7f7">
         <name>_checkNewCommand</name>
         <value>0x33c9f1</value>
         <object_component_ref idref="oc-1e2"/>
      </symbol>
      <symbol id="sm-7f8">
         <name>_GCC</name>
         <value>0xc002</value>
         <object_component_ref idref="oc-16a"/>
      </symbol>
      <symbol id="sm-7f9">
         <name>_cmd</name>
         <value>0xc040</value>
         <object_component_ref idref="oc-16a"/>
      </symbol>
      <symbol id="sm-7fa">
         <name>_GGCC</name>
         <value>0xc001</value>
         <object_component_ref idref="oc-16a"/>
      </symbol>
      <symbol id="sm-829">
         <name>_atan2f</name>
         <value>0x33c1b2</value>
         <object_component_ref idref="oc-1e8"/>
      </symbol>
      <symbol id="sm-82a">
         <name>_atan2</name>
         <value>0x33c1b2</value>
         <object_component_ref idref="oc-1e8"/>
      </symbol>
      <symbol id="sm-83a">
         <name>_sqrtf</name>
         <value>0x33cb5a</value>
         <object_component_ref idref="oc-1e6"/>
      </symbol>
      <symbol id="sm-83b">
         <name>_sqrt</name>
         <value>0x33cb5a</value>
         <object_component_ref idref="oc-1e6"/>
      </symbol>
      <symbol id="sm-860">
         <name>_atan</name>
         <value>0x33c286</value>
         <object_component_ref idref="oc-1fb"/>
      </symbol>
      <symbol id="sm-861">
         <name>_atanf</name>
         <value>0x33c286</value>
         <object_component_ref idref="oc-1fb"/>
      </symbol>
      <symbol id="sm-86f">
         <name>_cos</name>
         <value>0x33c8e2</value>
         <object_component_ref idref="oc-1ea"/>
      </symbol>
      <symbol id="sm-870">
         <name>_cosf</name>
         <value>0x33c8e2</value>
         <object_component_ref idref="oc-1ea"/>
      </symbol>
      <symbol id="sm-87d">
         <name>_sin</name>
         <value>0x33c943</value>
         <object_component_ref idref="oc-1eb"/>
      </symbol>
      <symbol id="sm-87e">
         <name>_sinf</name>
         <value>0x33c943</value>
         <object_component_ref idref="oc-1eb"/>
      </symbol>
      <symbol id="sm-899">
         <name>_c_int00</name>
         <value>0x33c99b</value>
         <object_component_ref idref="oc-51"/>
      </symbol>
      <symbol id="sm-89a">
         <name>__stack</name>
         <value>0xd000</value>
         <object_component_ref idref="oc-18a"/>
      </symbol>
      <symbol id="sm-8ab">
         <name>FS$$DIV</name>
         <value>0x33c683</value>
         <object_component_ref idref="oc-190"/>
      </symbol>
      <symbol id="sm-8b9">
         <name>I$$MOD</name>
         <value>0x33cbd8</value>
         <object_component_ref idref="oc-195"/>
      </symbol>
      <symbol id="sm-8ba">
         <name>I$$DIV</name>
         <value>0x33cbc7</value>
         <object_component_ref idref="oc-195"/>
      </symbol>
      <symbol id="sm-8c6">
         <name>UL$$MOD</name>
         <value>0x33cada</value>
         <object_component_ref idref="oc-19a"/>
      </symbol>
      <symbol id="sm-8c7">
         <name>L$$MOD</name>
         <value>0x33cac5</value>
         <object_component_ref idref="oc-19a"/>
      </symbol>
      <symbol id="sm-8c8">
         <name>L$$DIV</name>
         <value>0x33cab6</value>
         <object_component_ref idref="oc-19a"/>
      </symbol>
      <symbol id="sm-8c9">
         <name>UL$$DIV</name>
         <value>0x33cad3</value>
         <object_component_ref idref="oc-19a"/>
      </symbol>
      <symbol id="sm-8d8">
         <name>_copy_in</name>
         <value>0x33cb80</value>
         <object_component_ref idref="oc-1d1"/>
      </symbol>
      <symbol id="sm-8e9">
         <name>_memcpy</name>
         <value>0x33cc09</value>
         <object_component_ref idref="oc-1d7"/>
      </symbol>
      <symbol id="sm-8f5">
         <name>__system_pre_init</name>
         <value>0x33cc6e</value>
         <object_component_ref idref="oc-1d0"/>
      </symbol>
      <symbol id="sm-902">
         <name>__system_post_cinit</name>
         <value>0x33cb59</value>
         <object_component_ref idref="oc-1d2"/>
      </symbol>
      <symbol id="sm-90c">
         <name>_errno</name>
         <value>0xc27f</value>
         <object_component_ref idref="oc-1b5"/>
      </symbol>
      <symbol id="sm-920">
         <name>C$$EXIT</name>
         <value>0x33cae0</value>
         <object_component_ref idref="oc-1d4"/>
      </symbol>
      <symbol id="sm-921">
         <name>_exit</name>
         <value>0x33cae2</value>
         <object_component_ref idref="oc-1d4"/>
      </symbol>
      <symbol id="sm-922">
         <name>___TI_cleanup_ptr</name>
         <value>0xc712</value>
         <object_component_ref idref="oc-1b9"/>
      </symbol>
      <symbol id="sm-923">
         <name>___TI_enable_exit_profile_output</name>
         <value>0xc710</value>
         <object_component_ref idref="oc-1b9"/>
      </symbol>
      <symbol id="sm-924">
         <name>_abort</name>
         <value>0x33cae0</value>
         <object_component_ref idref="oc-1d4"/>
      </symbol>
      <symbol id="sm-925">
         <name>___TI_dtors_ptr</name>
         <value>0xc714</value>
         <object_component_ref idref="oc-1b9"/>
      </symbol>
      <symbol id="sm-96c">
         <name>__sys_memory</name>
         <value>0x400</value>
         <object_component_ref idref="oc-1c1"/>
      </symbol>
      <symbol id="sm-96d">
         <name>_chkheap</name>
         <value>0x33bdc8</value>
         <object_component_ref idref="oc-1df"/>
      </symbol>
      <symbol id="sm-96e">
         <name>_realloc</name>
         <value>0x33bcd6</value>
         <object_component_ref idref="oc-1df"/>
      </symbol>
      <symbol id="sm-96f">
         <name>_free_memory</name>
         <value>0x33bdaa</value>
         <object_component_ref idref="oc-1df"/>
      </symbol>
      <symbol id="sm-970">
         <name>_max_free</name>
         <value>0x33bd88</value>
         <object_component_ref idref="oc-1df"/>
      </symbol>
      <symbol id="sm-971">
         <name>_free</name>
         <value>0x33bc0f</value>
         <object_component_ref idref="oc-1df"/>
      </symbol>
      <symbol id="sm-972">
         <name>_calloc</name>
         <value>0x33bdca</value>
         <object_component_ref idref="oc-1df"/>
      </symbol>
      <symbol id="sm-973">
         <name>_malloc</name>
         <value>0x33bc78</value>
         <object_component_ref idref="oc-1df"/>
      </symbol>
      <symbol id="sm-974">
         <name>_minit</name>
         <value>0x33bc53</value>
         <object_component_ref idref="oc-1df"/>
      </symbol>
      <symbol id="sm-988">
         <name>__unlock</name>
         <value>0xc718</value>
         <object_component_ref idref="oc-1ed"/>
      </symbol>
      <symbol id="sm-989">
         <name>__lock</name>
         <value>0xc716</value>
         <object_component_ref idref="oc-1d9"/>
      </symbol>
      <symbol id="sm-98a">
         <name>__register_lock</name>
         <value>0x33cc57</value>
         <object_component_ref idref="oc-1e4"/>
      </symbol>
      <symbol id="sm-98b">
         <name>__nop</name>
         <value>0x33cc5b</value>
         <object_component_ref idref="oc-1e4"/>
      </symbol>
      <symbol id="sm-98c">
         <name>__register_unlock</name>
         <value>0x33cc53</value>
         <object_component_ref idref="oc-1e4"/>
      </symbol>
      <symbol id="sm-99b">
         <name>__args_main</name>
         <value>0x33cc27</value>
         <object_component_ref idref="oc-1d3"/>
      </symbol>
   </symbol_table>
   <title>Link successful</title>
</link_info>
